Archive member included to satisfy reference by file (symbol)

c:/program files (x86)/atmel/studio/7.0/toolchain/avr8/avr8-gnu-toolchain/bin/../lib/gcc/avr/5.4.0/avrxmega6\libgcc.a(_udivmodsi4.o)
                              src/ASF/xmega/drivers/usart/usart.o (__udivmodsi4)
c:/program files (x86)/atmel/studio/7.0/toolchain/avr8/avr8-gnu-toolchain/bin/../lib/gcc/avr/5.4.0/avrxmega6\libgcc.a(_exit.o)
                              C:/Program Files (x86)/Atmel/Studio/7.0/Packs/atmel/XMEGAA_DFP/1.1.68/gcc/dev/atxmega192a3u/avrxmega6/crtatxmega192a3u.o (exit)
c:/program files (x86)/atmel/studio/7.0/toolchain/avr8/avr8-gnu-toolchain/bin/../lib/gcc/avr/5.4.0/avrxmega6\libgcc.a(_copy_data.o)
                              src/src/usart_console.o (__do_copy_data)
c:/program files (x86)/atmel/studio/7.0/toolchain/avr8/avr8-gnu-toolchain/bin/../lib/gcc/avr/5.4.0/avrxmega6\libgcc.a(_clear_bss.o)
                              src/ASF/common/utils/stdio/read.o (__do_clear_bss)
c:/program files (x86)/atmel/studio/7.0/toolchain/avr8/avr8-gnu-toolchain/bin/../lib/gcc/avr/5.4.0/../../../../avr/lib/avrxmega6\libc.a(memcpy.o)
                              src/ASF/xmega/drivers/nvm/nvm.o (memcpy)
c:/program files (x86)/atmel/studio/7.0/toolchain/avr8/avr8-gnu-toolchain/bin/../lib/gcc/avr/5.4.0/../../../../avr/lib/avrxmega6\libc.a(fdevopen.o)
                              src/src/usart_console.o (fdevopen)
c:/program files (x86)/atmel/studio/7.0/toolchain/avr8/avr8-gnu-toolchain/bin/../lib/gcc/avr/5.4.0/../../../../avr/lib/avrxmega6\libc.a(iob.o)
                              c:/program files (x86)/atmel/studio/7.0/toolchain/avr8/avr8-gnu-toolchain/bin/../lib/gcc/avr/5.4.0/../../../../avr/lib/avrxmega6\libc.a(fdevopen.o) (__iob)
c:/program files (x86)/atmel/studio/7.0/toolchain/avr8/avr8-gnu-toolchain/bin/../lib/gcc/avr/5.4.0/../../../../avr/lib/avrxmega6\libc.a(puts.o)
                              src/main.o (puts)
c:/program files (x86)/atmel/studio/7.0/toolchain/avr8/avr8-gnu-toolchain/bin/../lib/gcc/avr/5.4.0/../../../../avr/lib/avrxmega6\libc.a(calloc.o)
                              c:/program files (x86)/atmel/studio/7.0/toolchain/avr8/avr8-gnu-toolchain/bin/../lib/gcc/avr/5.4.0/../../../../avr/lib/avrxmega6\libc.a(fdevopen.o) (calloc)
c:/program files (x86)/atmel/studio/7.0/toolchain/avr8/avr8-gnu-toolchain/bin/../lib/gcc/avr/5.4.0/../../../../avr/lib/avrxmega6\libc.a(malloc.o)
                              c:/program files (x86)/atmel/studio/7.0/toolchain/avr8/avr8-gnu-toolchain/bin/../lib/gcc/avr/5.4.0/../../../../avr/lib/avrxmega6\libc.a(calloc.o) (malloc)
c:/program files (x86)/atmel/studio/7.0/toolchain/avr8/avr8-gnu-toolchain/bin/../lib/gcc/avr/5.4.0/../../../../avr/lib/avrxmega6\libc.a(memset.o)
                              c:/program files (x86)/atmel/studio/7.0/toolchain/avr8/avr8-gnu-toolchain/bin/../lib/gcc/avr/5.4.0/../../../../avr/lib/avrxmega6\libc.a(calloc.o) (memset)

Allocating common symbols
Common symbol       size              file

ptr_get             0x2               src/ASF/common/utils/stdio/read.o
__brkval            0x2               c:/program files (x86)/atmel/studio/7.0/toolchain/avr8/avr8-gnu-toolchain/bin/../lib/gcc/avr/5.4.0/../../../../avr/lib/avrxmega6\libc.a(malloc.o)
ptr_put             0x2               src/ASF/common/utils/stdio/write.o
stdio_base          0x2               src/ASF/common/utils/stdio/write.o
__flp               0x2               c:/program files (x86)/atmel/studio/7.0/toolchain/avr8/avr8-gnu-toolchain/bin/../lib/gcc/avr/5.4.0/../../../../avr/lib/avrxmega6\libc.a(malloc.o)
__iob               0x6               c:/program files (x86)/atmel/studio/7.0/toolchain/avr8/avr8-gnu-toolchain/bin/../lib/gcc/avr/5.4.0/../../../../avr/lib/avrxmega6\libc.a(iob.o)

Discarded input sections

 .data          0x00000000        0x0 C:/Program Files (x86)/Atmel/Studio/7.0/Packs/atmel/XMEGAA_DFP/1.1.68/gcc/dev/atxmega192a3u/avrxmega6/crtatxmega192a3u.o
 .bss           0x00000000        0x0 C:/Program Files (x86)/Atmel/Studio/7.0/Packs/atmel/XMEGAA_DFP/1.1.68/gcc/dev/atxmega192a3u/avrxmega6/crtatxmega192a3u.o
 .group         0x00000000        0x8 src/ASF/common/utils/stdio/read.o
 .group         0x00000000        0x8 src/ASF/common/utils/stdio/read.o
 .group         0x00000000        0x8 src/ASF/common/utils/stdio/read.o
 .group         0x00000000        0x8 src/ASF/common/utils/stdio/read.o
 .group         0x00000000        0x8 src/ASF/common/utils/stdio/read.o
 .group         0x00000000        0x8 src/ASF/common/utils/stdio/read.o
 .group         0x00000000        0x8 src/ASF/common/utils/stdio/read.o
 .group         0x00000000        0x8 src/ASF/common/utils/stdio/read.o
 .group         0x00000000        0x8 src/ASF/common/utils/stdio/read.o
 .group         0x00000000        0x8 src/ASF/common/utils/stdio/read.o
 .group         0x00000000        0x8 src/ASF/common/utils/stdio/read.o
 .group         0x00000000        0x8 src/ASF/common/utils/stdio/read.o
[...]
Memory Configuration

Name             Origin             Length             Attributes
text             0x00000000         0x00100000         xr
data             0x00802000         0x0000ffa0         rw !x
eeprom           0x00810000         0x00010000         rw !x
fuse             0x00820000         0x00000006         rw !x
lock             0x00830000         0x00000400         rw !x
signature        0x00840000         0x00000400         rw !x
user_signatures  0x00850000         0x00000400         rw !x
*default*        0x00000000         0xffffffff

Linker script and memory map

LOAD C:/Program Files (x86)/Atmel/Studio/7.0/Packs/atmel/XMEGAA_DFP/1.1.68/gcc/dev/atxmega192a3u/avrxmega6/crtatxmega192a3u.o
LOAD src/ASF/common/utils/stdio/read.o
LOAD src/ASF/xmega/drivers/usart/usart.o
LOAD src/src/usart_console.o
LOAD src/ASF/common/utils/stdio/write.o
LOAD src/ASF/common/services/spi/xmega_spi/spi_master.o
LOAD src/ASF/common/services/serial/usart_serial.o
LOAD src/ASF/common/services/ioport/xmega/ioport_compat.o
LOAD src/ASF/common/services/clock/xmega/sysclk.o
LOAD src/ASF/common/services/fifo/fifo.o
LOAD src/ASF/xmega/drivers/nvm/nvm.o
LOAD src/ASF/xmega/drivers/spi/spi.o
LOAD src/ASF/xmega/drivers/wdt/wdt.o
LOAD src/ASF/xmega/drivers/nvm/nvm_asm.o
LOAD src/ASF/xmega/drivers/cpu/ccp.o
LOAD src/ASF/common/boards/user_board/init.o
LOAD src/main.o
START GROUP
LOAD c:/program files (x86)/atmel/studio/7.0/toolchain/avr8/avr8-gnu-toolchain/bin/../lib/gcc/avr/5.4.0/../../../../avr/lib/avrxmega6\libm.a
END GROUP
START GROUP
LOAD c:/program files (x86)/atmel/studio/7.0/toolchain/avr8/avr8-gnu-toolchain/bin/../lib/gcc/avr/5.4.0/avrxmega6\libgcc.a
LOAD c:/program files (x86)/atmel/studio/7.0/toolchain/avr8/avr8-gnu-toolchain/bin/../lib/gcc/avr/5.4.0/../../../../avr/lib/avrxmega6\libm.a
LOAD c:/program files (x86)/atmel/studio/7.0/toolchain/avr8/avr8-gnu-toolchain/bin/../lib/gcc/avr/5.4.0/../../../../avr/lib/avrxmega6\libc.a
LOAD C:/Program Files (x86)/Atmel/Studio/7.0/Packs/atmel/XMEGAA_DFP/1.1.68/gcc/dev/atxmega192a3u/avrxmega6\libatxmega192a3u.a
END GROUP
                0x00100000                __TEXT_REGION_LENGTH__ = DEFINED (__TEXT_REGION_LENGTH__)?__TEXT_REGION_LENGTH__:0x100000
                0x0000ffa0                __DATA_REGION_LENGTH__ = DEFINED (__DATA_REGION_LENGTH__)?__DATA_REGION_LENGTH__:0xffa0
                0x00010000                __EEPROM_REGION_LENGTH__ = DEFINED (__EEPROM_REGION_LENGTH__)?__EEPROM_REGION_LENGTH__:0x10000
                [0x00000006]                __FUSE_REGION_LENGTH__ = DEFINED (__FUSE_REGION_LENGTH__)?__FUSE_REGION_LENGTH__:0x400
                0x00000400                __LOCK_REGION_LENGTH__ = DEFINED (__LOCK_REGION_LENGTH__)?__LOCK_REGION_LENGTH__:0x400
                0x00000400                __SIGNATURE_REGION_LENGTH__ = DEFINED (__SIGNATURE_REGION_LENGTH__)?__SIGNATURE_REGION_LENGTH__:0x400
                0x00000400                __USER_SIGNATURE_REGION_LENGTH__ = DEFINED (__USER_SIGNATURE_REGION_LENGTH__)?__USER_SIGNATURE_REGION_LENGTH__:0x400

.hash
 *(.hash)

.dynsym
 *(.dynsym)

.dynstr
 *(.dynstr)

.gnu.version
 *(.gnu.version)

.gnu.version_d
 *(.gnu.version_d)

.gnu.version_r
 *(.gnu.version_r)

.rel.init
 *(.rel.init)

.rela.init
 *(.rela.init)

.rel.text
 *(.rel.text)
 *(.rel.text.*)
 *(.rel.gnu.linkonce.t*)

.rela.text
 *(.rela.text)
 *(.rela.text.*)
 *(.rela.gnu.linkonce.t*)

.rel.fini
 *(.rel.fini)

.rela.fini
 *(.rela.fini)

.rel.rodata
 *(.rel.rodata)
 *(.rel.rodata.*)
 *(.rel.gnu.linkonce.r*)

.rela.rodata
 *(.rela.rodata)
 *(.rela.rodata.*)
 *(.rela.gnu.linkonce.r*)

.rel.data
 *(.rel.data)
 *(.rel.data.*)
 *(.rel.gnu.linkonce.d*)

.rela.data
 *(.rela.data)
 *(.rela.data.*)
 *(.rela.gnu.linkonce.d*)

.rel.ctors
 *(.rel.ctors)

.rela.ctors
 *(.rela.ctors)

.rel.dtors
 *(.rel.dtors)

.rela.dtors
 *(.rela.dtors)

.rel.got
 *(.rel.got)

.rela.got
 *(.rela.got)

.rel.bss
 *(.rel.bss)

.rela.bss
 *(.rela.bss)

.rel.plt
 *(.rel.plt)

.rela.plt
 *(.rela.plt)

.text           0x00000000      0xc7e
 *(.vectors)
 .vectors       0x00000000      0x1fc C:/Program Files (x86)/Atmel/Studio/7.0/Packs/atmel/XMEGAA_DFP/1.1.68/gcc/dev/atxmega192a3u/avrxmega6/crtatxmega192a3u.o
                0x00000000                __vector_default
                0x00000000                __vectors
 *(.vectors)
 *(.progmem.gcc*)
                0x000001fc                . = ALIGN (0x2)
                0x000001fc                __trampolines_start = .
 *(.trampolines)
 .trampolines   0x000001fc        0x0 linker stubs
 *(.trampolines*)
                0x000001fc                __trampolines_end = .
 *libprintf_flt.a:*(.progmem.data)
 *libc.a:*(.progmem.data)
 *(.progmem*)
                0x000001fc                . = ALIGN (0x2)
 *(.jumptables)
 *(.jumptables*)
 *(.lowtext)
 *(.lowtext*)
                0x000001fc                __ctors_start = .
 *(.ctors)
                0x000001fc                __ctors_end = .
                0x000001fc                __dtors_start = .
 *(.dtors)
                0x000001fc                __dtors_end = .
 SORT(*)(.ctors)
 SORT(*)(.dtors)
 *(.init0)
 .init0         0x000001fc        0x0 C:/Program Files (x86)/Atmel/Studio/7.0/Packs/atmel/XMEGAA_DFP/1.1.68/gcc/dev/atxmega192a3u/avrxmega6/crtatxmega192a3u.o
                0x000001fc                __init
 *(.init0)
 *(.init1)
 *(.init1)
 *(.init2)
 .init2         0x000001fc       0x10 C:/Program Files (x86)/Atmel/Studio/7.0/Packs/atmel/XMEGAA_DFP/1.1.68/gcc/dev/atxmega192a3u/avrxmega6/crtatxmega192a3u.o
 *(.init2)
 *(.init3)
 *(.init3)
 *(.init4)
 .init4         0x0000020c       0x1a c:/program files (x86)/atmel/studio/7.0/toolchain/avr8/avr8-gnu-toolchain/bin/../lib/gcc/avr/5.4.0/avrxmega6\libgcc.a(_copy_data.o)
                0x0000020c                __do_copy_data
 .init4         0x00000226       0x10 c:/program files (x86)/atmel/studio/7.0/toolchain/avr8/avr8-gnu-toolchain/bin/../lib/gcc/avr/5.4.0/avrxmega6\libgcc.a(_clear_bss.o)
                0x00000226                __do_clear_bss
 *(.init4)
 *(.init5)
 *(.init5)
 *(.init6)
 *(.init6)
 *(.init7)
 *(.init7)
 *(.init8)
 *(.init8)
 *(.init9)
 .init9         0x00000236        0x4 C:/Program Files (x86)/Atmel/Studio/7.0/Packs/atmel/XMEGAA_DFP/1.1.68/gcc/dev/atxmega192a3u/avrxmega6/crtatxmega192a3u.o
 *(.init9)
 *(.text)
 .text          0x0000023a        0x2 C:/Program Files (x86)/Atmel/Studio/7.0/Packs/atmel/XMEGAA_DFP/1.1.68/gcc/dev/atxmega192a3u/avrxmega6/crtatxmega192a3u.o
                0x0000023a                __vector_38
                0x0000023a                __vector_104
                0x0000023a                __vector_22
                0x0000023a                __vector_63
                0x0000023a                __vector_28
                0x0000023a                __vector_67
                0x0000023a                __vector_1
                0x0000023a                __vector_119
                0x0000023a                __vector_32
                0x0000023a                __vector_75
                0x0000023a                __vector_71
                0x0000023a                __vector_91
                0x0000023a                __vector_34
                0x0000023a                __vector_62
                0x0000023a                __vector_77
                0x0000023a                __vector_102
                0x0000023a                __vector_24
                0x0000023a                __vector_12
                0x0000023a                __vector_55
                0x0000023a                __vector_69
                0x0000023a                __vector_81
                0x0000023a                __vector_90
                0x0000023a                __vector_46
                0x0000023a                __bad_interrupt
                0x0000023a                __vector_122
                0x0000023a                __vector_72
                0x0000023a                __vector_114
                0x0000023a                __vector_6
                0x0000023a                __vector_110
                0x0000023a                __vector_31
                0x0000023a                __vector_92
                0x0000023a                __vector_35
                0x0000023a                __vector_78
                0x0000023a                __vector_74
                0x0000023a                __vector_117
                0x0000023a                __vector_39
                0x0000023a                __vector_107
                0x0000023a                __vector_3
                0x0000023a                __vector_105
                0x0000023a                __vector_98
                0x0000023a                __vector_23
                0x0000023a                __vector_68
                0x0000023a                __vector_30
                0x0000023a                __vector_73
                0x0000023a                __vector_45
                0x0000023a                __vector_25
                0x0000023a                __vector_93
                0x0000023a                __vector_61
                0x0000023a                __vector_11
                0x0000023a                __vector_54
                0x0000023a                __vector_99
                0x0000023a                __vector_13
                0x0000023a                __vector_17
                0x0000023a                __vector_19
                0x0000023a                __vector_56
                0x0000023a                __vector_7
                0x0000023a                __vector_125
                0x0000023a                __vector_49
                0x0000023a                __vector_123
                0x0000023a                __vector_41
                0x0000023a                __vector_86
                0x0000023a                __vector_100
                0x0000023a                __vector_101
                0x0000023a                __vector_64
                0x0000023a                __vector_88
                0x0000023a                __vector_109
                0x0000023a                __vector_43
                0x0000023a                __vector_27
                0x0000023a                __vector_5
                0x0000023a                __vector_113
                0x0000023a                __vector_33
                0x0000023a                __vector_76
                0x0000023a                __vector_115
                0x0000023a                __vector_47
                0x0000023a                __vector_52
                0x0000023a                __vector_37
                0x0000023a                __vector_95
                0x0000023a                __vector_103
                0x0000023a                __vector_96
                0x0000023a                __vector_89
                0x0000023a                __vector_108
                0x0000023a                __vector_4
                0x0000023a                __vector_44
                0x0000023a                __vector_82
                0x0000023a                __vector_106
                0x0000023a                __vector_118
                0x0000023a                __vector_51
                0x0000023a                __vector_9
                0x0000023a                __vector_2
                0x0000023a                __vector_21
                0x0000023a                __vector_15
                0x0000023a                __vector_66
                0x0000023a                __vector_36
                0x0000023a                __vector_79
                0x0000023a                __vector_58
                0x0000023a                __vector_70
                0x0000023a                __vector_83
                0x0000023a                __vector_29
                0x0000023a                __vector_60
                0x0000023a                __vector_121
                0x0000023a                __vector_40
                0x0000023a                __vector_85
                0x0000023a                __vector_94
                0x0000023a                __vector_126
                0x0000023a                __vector_8
                0x0000023a                __vector_26
                0x0000023a                __vector_48
                0x0000023a                __vector_124
                0x0000023a                __vector_116
                0x0000023a                __vector_112
                0x0000023a                __vector_111
                0x0000023a                __vector_80
                0x0000023a                __vector_14
                0x0000023a                __vector_84
                0x0000023a                __vector_57
                0x0000023a                __vector_53
                0x0000023a                __vector_10
                0x0000023a                __vector_50
                0x0000023a                __vector_16
                0x0000023a                __vector_59
                0x0000023a                __vector_18
                0x0000023a                __vector_97
                0x0000023a                __vector_20
                0x0000023a                __vector_42
                0x0000023a                __vector_87
                0x0000023a                __vector_65
                0x0000023a                __vector_120
                0x0000023c                . = ALIGN (0x2)
 *(.text.*)
 .text._read    0x0000023c       0x32 src/ASF/common/utils/stdio/read.o
                0x0000023c                _read
 .text.usart_putchar
                0x0000026e       0x10 src/ASF/xmega/drivers/usart/usart.o
                0x0000026e                usart_putchar
 .text.usart_getchar
                0x0000027e        0xc src/ASF/xmega/drivers/usart/usart.o
                0x0000027e                usart_getchar
 .text.usart_set_baudrate
                0x0000028a      0x21e src/ASF/xmega/drivers/usart/usart.o
                0x0000028a                usart_set_baudrate
 .text.usart_init_rs232
                0x000004a8      0x252 src/ASF/xmega/drivers/usart/usart.o
                0x000004a8                usart_init_rs232
 .text.__portable_avr_delay_cycles
                0x000006fa       0x16 src/src/usart_console.o
 .text.usart_serial_getchar
                0x00000710       0x10 src/src/usart_console.o
 .text.usart_serial_putchar
                0x00000720        0x4 src/src/usart_console.o
 .text.console_init
                0x00000724       0x94 src/src/usart_console.o
                0x00000724                console_init
 .text._write   0x000007b8       0x24 src/ASF/common/utils/stdio/write.o
                0x000007b8                _write
 .text.sysclk_init
                0x000007dc       0x20 src/ASF/common/services/clock/xmega/sysclk.o
                0x000007dc                sysclk_init
 .text.sysclk_enable_module
                0x000007fc       0x2c src/ASF/common/services/clock/xmega/sysclk.o
                0x000007fc                sysclk_enable_module
 .text.wdt_set_timeout_period
                0x00000828       0x26 src/ASF/xmega/drivers/wdt/wdt.o
                0x00000828                wdt_set_timeout_period
 .text.wdt_enable
                0x0000084e       0x1a src/ASF/xmega/drivers/wdt/wdt.o
                0x0000084e                wdt_enable
 .text.ccp_write_io
                0x00000868        0xc src/ASF/xmega/drivers/cpu/ccp.o
                0x00000868                ccp_write_io
 .text.board_init
                0x00000874        0x2 src/ASF/common/boards/user_board/init.o
                0x00000874                board_init
 .text.main     0x00000876       0x48 src/main.o
                0x00000876                main
 .text.libgcc.div
                0x000008be       0x44 c:/program files (x86)/atmel/studio/7.0/toolchain/avr8/avr8-gnu-toolchain/bin/../lib/gcc/avr/5.4.0/avrxmega6\libgcc.a(_udivmodsi4.o)
                0x000008be                __udivmodsi4
 .text.avr-libc
                0x00000902       0x94 c:/program files (x86)/atmel/studio/7.0/toolchain/avr8/avr8-gnu-toolchain/bin/../lib/gcc/avr/5.4.0/../../../../avr/lib/avrxmega6\libc.a(fdevopen.o)
                0x00000902                fdevopen
 .text.avr-libc
                0x00000996       0x60 c:/program files (x86)/atmel/studio/7.0/toolchain/avr8/avr8-gnu-toolchain/bin/../lib/gcc/avr/5.4.0/../../../../avr/lib/avrxmega6\libc.a(puts.o)
                0x00000996                puts
 .text.avr-libc
                0x000009f6       0x34 c:/program files (x86)/atmel/studio/7.0/toolchain/avr8/avr8-gnu-toolchain/bin/../lib/gcc/avr/5.4.0/../../../../avr/lib/avrxmega6\libc.a(calloc.o)
                0x000009f6                calloc
 .text.avr-libc
                0x00000a2a      0x242 c:/program files (x86)/atmel/studio/7.0/toolchain/avr8/avr8-gnu-toolchain/bin/../lib/gcc/avr/5.4.0/../../../../avr/lib/avrxmega6\libc.a(malloc.o)
                0x00000a2a                malloc
                0x00000b5a                free
 .text.avr-libc
                0x00000c6c        0xe c:/program files (x86)/atmel/studio/7.0/toolchain/avr8/avr8-gnu-toolchain/bin/../lib/gcc/avr/5.4.0/../../../../avr/lib/avrxmega6\libc.a(memset.o)
                0x00000c6c                memset
                0x00000c7a                . = ALIGN (0x2)
 *(.fini9)
 .fini9         0x00000c7a        0x0 c:/program files (x86)/atmel/studio/7.0/toolchain/avr8/avr8-gnu-toolchain/bin/../lib/gcc/avr/5.4.0/avrxmega6\libgcc.a(_exit.o)
                0x00000c7a                _exit
                0x00000c7a                exit
 *(.fini9)
 *(.fini8)
 *(.fini8)
 *(.fini7)
 *(.fini7)
 *(.fini6)
 *(.fini6)
 *(.fini5)
 *(.fini5)
 *(.fini4)
 *(.fini4)
 *(.fini3)
 *(.fini3)
 *(.fini2)
 *(.fini2)
 *(.fini1)
 *(.fini1)
 *(.fini0)
 .fini0         0x00000c7a        0x4 c:/program files (x86)/atmel/studio/7.0/toolchain/avr8/avr8-gnu-toolchain/bin/../lib/gcc/avr/5.4.0/avrxmega6\libgcc.a(_exit.o)
 *(.fini0)
                0x00000c7e                _etext = .

.data           0x00802000       0xb2 load address 0x00000c7e
                0x00802000                PROVIDE (__data_start, .)
 *(.data)
 .data          0x00802000        0x6 c:/program files (x86)/atmel/studio/7.0/toolchain/avr8/avr8-gnu-toolchain/bin/../lib/gcc/avr/5.4.0/../../../../avr/lib/avrxmega6\libc.a(malloc.o)
                0x00802000                __malloc_heap_end
                0x00802002                __malloc_heap_start
                0x00802004                __malloc_margin
 *(.data*)
 .data.usart_config.5726
                0x00802006        0x7 src/src/usart_console.o
 *(.gnu.linkonce.d*)
 *(.rodata)
 *(.rodata*)
 .rodata.str1.1
                0x0080200d       0xa4 src/main.o
 *(.gnu.linkonce.r*)
                0x008020b2                . = ALIGN (0x2)
 *fill*         0x008020b1        0x1 
                0x008020b2                _edata = .
                0x008020b2                PROVIDE (__data_end, .)

.bss            0x008020b2       0x10
                0x008020b2                PROVIDE (__bss_start, .)
 *(.bss)
 *(.bss*)
 *(COMMON)
 COMMON         0x008020b2        0x2 src/ASF/common/utils/stdio/read.o
                0x008020b2                ptr_get
 COMMON         0x008020b4        0x4 src/ASF/common/utils/stdio/write.o
                0x008020b4                ptr_put
                0x008020b6                stdio_base
 COMMON         0x008020b8        0x6 c:/program files (x86)/atmel/studio/7.0/toolchain/avr8/avr8-gnu-toolchain/bin/../lib/gcc/avr/5.4.0/../../../../avr/lib/avrxmega6\libc.a(iob.o)
                0x008020b8                __iob
 COMMON         0x008020be        0x4 c:/program files (x86)/atmel/studio/7.0/toolchain/avr8/avr8-gnu-toolchain/bin/../lib/gcc/avr/5.4.0/../../../../avr/lib/avrxmega6\libc.a(malloc.o)
                0x008020be                __brkval
                0x008020c0                __flp
                0x008020c2                PROVIDE (__bss_end, .)
                0x00000c7e                __data_load_start = LOADADDR (.data)
                0x00000d30                __data_load_end = (__data_load_start + SIZEOF (.data))

.noinit         0x008020c2        0x0
                [!provide]                PROVIDE (__noinit_start, .)
 *(.noinit*)
                [!provide]                PROVIDE (__noinit_end, .)
                0x008020c2                _end = .
                0x008020c2                PROVIDE (__heap_start, .)

.eeprom         0x00810000        0x0
 *(.eeprom*)
                0x00810000                __eeprom_end = .

.fuse
 *(.fuse)
 *(.lfuse)
 *(.hfuse)
 *(.efuse)

.lock
 *(.lock*)

.signature
 *(.signature*)

.user_signatures
 *(.user_signatures*)

.stab
 *(.stab)

.stabstr
 *(.stabstr)

.stab.excl
 *(.stab.excl)

.stab.exclstr
 *(.stab.exclstr)

.stab.index
 *(.stab.index)

.stab.indexstr
 *(.stab.indexstr)

.comment        0x00000000       0x30
 *(.comment)
 .comment       0x00000000       0x30 src/ASF/common/utils/stdio/read.o
                                 0x31 (size before relaxing)
 .comment       0x00000030       0x31 src/ASF/xmega/drivers/usart/usart.o
 .comment       0x00000030       0x31 src/src/usart_console.o
 .comment       0x00000030       0x31 src/ASF/common/utils/stdio/write.o
 .comment       0x00000030       0x31 src/ASF/common/services/clock/xmega/sysclk.o
 .comment       0x00000030       0x31 src/ASF/xmega/drivers/wdt/wdt.o
 .comment       0x00000030       0x31 src/ASF/common/boards/user_board/init.o
 .comment       0x00000030       0x31 src/main.o
 .comment       0x00000030       0x31 c:/program files (x86)/atmel/studio/7.0/toolchain/avr8/avr8-gnu-toolchain/bin/../lib/gcc/avr/5.4.0/../../../../avr/lib/avrxmega6\libc.a(fdevopen.o)
 .comment       0x00000030       0x31 c:/program files (x86)/atmel/studio/7.0/toolchain/avr8/avr8-gnu-toolchain/bin/../lib/gcc/avr/5.4.0/../../../../avr/lib/avrxmega6\libc.a(iob.o)
 .comment       0x00000030       0x31 c:/program files (x86)/atmel/studio/7.0/toolchain/avr8/avr8-gnu-toolchain/bin/../lib/gcc/avr/5.4.0/../../../../avr/lib/avrxmega6\libc.a(puts.o)
 .comment       0x00000030       0x31 c:/program files (x86)/atmel/studio/7.0/toolchain/avr8/avr8-gnu-toolchain/bin/../lib/gcc/avr/5.4.0/../../../../avr/lib/avrxmega6\libc.a(calloc.o)
 .comment       0x00000030       0x31 c:/program files (x86)/atmel/studio/7.0/toolchain/avr8/avr8-gnu-toolchain/bin/../lib/gcc/avr/5.4.0/../../../../avr/lib/avrxmega6\libc.a(malloc.o)

.note.gnu.avr.deviceinfo
                0x00000000       0x40
 .note.gnu.avr.deviceinfo
                0x00000000       0x40 C:/Program Files (x86)/Atmel/Studio/7.0/Packs/atmel/XMEGAA_DFP/1.1.68/gcc/dev/atxmega192a3u/avrxmega6/crtatxmega192a3u.o

.note.gnu.build-id
 *(.note.gnu.build-id)

.debug
 *(.debug)

.line
 *(.line)

.debug_srcinfo
 *(.debug_srcinfo)

.debug_sfnames
 *(.debug_sfnames)

.debug_aranges  0x00000000      0x1c0
 *(.debug_aranges)
 .debug_aranges
                0x00000000       0x20 src/ASF/common/utils/stdio/read.o
 .debug_aranges
                0x00000020       0x58 src/ASF/xmega/drivers/usart/usart.o
 .debug_aranges
                0x00000078       0x38 src/src/usart_console.o
 .debug_aranges
                0x000000b0       0x20 src/ASF/common/utils/stdio/write.o
 .debug_aranges
                0x000000d0       0x40 src/ASF/common/services/clock/xmega/sysclk.o
 .debug_aranges
                0x00000110       0x50 src/ASF/xmega/drivers/wdt/wdt.o
 .debug_aranges
                0x00000160       0x20 src/ASF/xmega/drivers/cpu/ccp.o
 .debug_aranges
                0x00000180       0x20 src/ASF/common/boards/user_board/init.o
 .debug_aranges
                0x000001a0       0x20 src/main.o

.debug_pubnames
 *(.debug_pubnames)

.debug_info     0x00000000     0x9a10
 *(.debug_info .gnu.linkonce.wi.*)
 .debug_info    0x00000000     0x3409 C:/Program Files (x86)/Atmel/Studio/7.0/Packs/atmel/XMEGAA_DFP/1.1.68/gcc/dev/atxmega192a3u/avrxmega6/crtatxmega192a3u.o
 .debug_info    0x00003409      0x119 src/ASF/common/utils/stdio/read.o
 .debug_info    0x00003522     0x2f03 src/ASF/xmega/drivers/usart/usart.o
 .debug_info    0x00006425     0x218c src/src/usart_console.o
 .debug_info    0x000085b1      0x119 src/ASF/common/utils/stdio/write.o
 .debug_info    0x000086ca      0x711 src/ASF/common/services/clock/xmega/sysclk.o
 .debug_info    0x00008ddb      0x4e4 src/ASF/xmega/drivers/wdt/wdt.o
 .debug_info    0x000092bf       0xa6 src/ASF/xmega/drivers/cpu/ccp.o
 .debug_info    0x00009365      0x168 src/ASF/common/boards/user_board/init.o
 .debug_info    0x000094cd      0x543 src/main.o

.debug_abbrev   0x00000000     0x402a
 *(.debug_abbrev)
 .debug_abbrev  0x00000000     0x3148 C:/Program Files (x86)/Atmel/Studio/7.0/Packs/atmel/XMEGAA_DFP/1.1.68/gcc/dev/atxmega192a3u/avrxmega6/crtatxmega192a3u.o
 .debug_abbrev  0x00003148       0xc5 src/ASF/common/utils/stdio/read.o
 .debug_abbrev  0x0000320d      0x3f5 src/ASF/xmega/drivers/usart/usart.o
 .debug_abbrev  0x00003602      0x340 src/src/usart_console.o
 .debug_abbrev  0x00003942       0xa7 src/ASF/common/utils/stdio/write.o
 .debug_abbrev  0x000039e9      0x218 src/ASF/common/services/clock/xmega/sysclk.o
 .debug_abbrev  0x00003c01      0x16f src/ASF/xmega/drivers/wdt/wdt.o
 .debug_abbrev  0x00003d70       0x14 src/ASF/xmega/drivers/cpu/ccp.o
 .debug_abbrev  0x00003d84       0xbd src/ASF/common/boards/user_board/init.o
 .debug_abbrev  0x00003e41      0x1e9 src/main.o

.debug_line     0x00000000     0x3ef1
 *(.debug_line .debug_line.* .debug_line_end)
 .debug_line    0x00000000      0x39d C:/Program Files (x86)/Atmel/Studio/7.0/Packs/atmel/XMEGAA_DFP/1.1.68/gcc/dev/atxmega192a3u/avrxmega6/crtatxmega192a3u.o
 .debug_line    0x0000039d      0x3d3 src/ASF/common/utils/stdio/read.o
 .debug_line    0x00000770      0xcef src/ASF/xmega/drivers/usart/usart.o
 .debug_line    0x0000145f      0x95c src/src/usart_console.o
 .debug_line    0x00001dbb      0x3da src/ASF/common/utils/stdio/write.o
 .debug_line    0x00002195      0x62e src/ASF/common/services/clock/xmega/sysclk.o
 .debug_line    0x000027c3      0x560 src/ASF/xmega/drivers/wdt/wdt.o
 .debug_line    0x00002d23       0x6e src/ASF/xmega/drivers/cpu/ccp.o
 .debug_line    0x00002d91      0x862 src/ASF/common/boards/user_board/init.o
 .debug_line    0x000035f3      0x8fe src/main.o

.debug_frame    0x00000000      0x374
 *(.debug_frame)
 .debug_frame   0x00000000       0x34 src/ASF/common/utils/stdio/read.o
 .debug_frame   0x00000034      0x14c src/ASF/xmega/drivers/usart/usart.o
 .debug_frame   0x00000180       0x70 src/src/usart_console.o
 .debug_frame   0x000001f0       0x24 src/ASF/common/utils/stdio/write.o
 .debug_frame   0x00000214       0x94 src/ASF/common/services/clock/xmega/sysclk.o
 .debug_frame   0x000002a8       0x84 src/ASF/xmega/drivers/wdt/wdt.o
 .debug_frame   0x0000032c       0x24 src/ASF/common/boards/user_board/init.o
 .debug_frame   0x00000350       0x24 src/main.o

.debug_str      0x00000000    0x2ea73
 *(.debug_str)
 .debug_str     0x00000000     0x223b C:/Program Files (x86)/Atmel/Studio/7.0/Packs/atmel/XMEGAA_DFP/1.1.68/gcc/dev/atxmega192a3u/avrxmega6/crtatxmega192a3u.o
 .debug_str     0x0000223b    0x289d6 src/ASF/common/utils/stdio/read.o
                              0x29019 (size before relaxing)
 .debug_str     0x0002ac11     0x28a3 src/ASF/xmega/drivers/usart/usart.o
                              0x2bae7 (size before relaxing)
 .debug_str     0x0002d4b4      0xc88 src/src/usart_console.o
                              0x2c323 (size before relaxing)
 .debug_str     0x0002e13c       0x2d src/ASF/common/utils/stdio/write.o
                              0x2901b (size before relaxing)
 .debug_str     0x0002e169      0x252 src/ASF/common/services/clock/xmega/sysclk.o
                              0x2a77d (size before relaxing)
 .debug_str     0x0002e3bb      0x4da src/ASF/xmega/drivers/wdt/wdt.o
                              0x29528 (size before relaxing)
 .debug_str     0x0002e895       0x36 src/ASF/common/boards/user_board/init.o
                              0x2b478 (size before relaxing)
 .debug_str     0x0002e8cb      0x1a8 src/main.o
                              0x2b8f8 (size before relaxing)

.debug_loc      0x00000000     0x14b5
 *(.debug_loc)
 .debug_loc     0x00000000       0x6e src/ASF/common/utils/stdio/read.o
 .debug_loc     0x0000006e      0xe21 src/ASF/xmega/drivers/usart/usart.o
 .debug_loc     0x00000e8f      0x18f src/src/usart_console.o
 .debug_loc     0x0000101e       0x52 src/ASF/common/utils/stdio/write.o
 .debug_loc     0x00001070      0x2c5 src/ASF/common/services/clock/xmega/sysclk.o
 .debug_loc     0x00001335      0x16c src/ASF/xmega/drivers/wdt/wdt.o
 .debug_loc     0x000014a1       0x14 src/main.o

.debug_macinfo
 *(.debug_macinfo)

.debug_weaknames
 *(.debug_weaknames)

.debug_funcnames
 *(.debug_funcnames)

.debug_typenames
 *(.debug_typenames)

.debug_varnames
 *(.debug_varnames)

.debug_pubtypes
 *(.debug_pubtypes)

.debug_ranges   0x00000000      0x158
 *(.debug_ranges)
 .debug_ranges  0x00000000       0x10 src/ASF/common/utils/stdio/read.o
 .debug_ranges  0x00000010       0x80 src/ASF/xmega/drivers/usart/usart.o
 .debug_ranges  0x00000090       0x28 src/src/usart_console.o
 .debug_ranges  0x000000b8       0x10 src/ASF/common/utils/stdio/write.o
 .debug_ranges  0x000000c8       0x30 src/ASF/common/services/clock/xmega/sysclk.o
 .debug_ranges  0x000000f8       0x40 src/ASF/xmega/drivers/wdt/wdt.o
 .debug_ranges  0x00000138       0x10 src/ASF/common/boards/user_board/init.o
 .debug_ranges  0x00000148       0x10 src/main.o

.debug_macro    0x00000000     0xa9aa
 *(.debug_macro)
 .debug_macro   0x00000000      0x16d src/ASF/common/utils/stdio/read.o
 .debug_macro   0x0000016d      0xa8a src/ASF/common/utils/stdio/read.o
 .debug_macro   0x00000bf7       0x10 src/ASF/common/utils/stdio/read.o
 .debug_macro   0x00000c07      0x1c9 src/ASF/common/utils/stdio/read.o
 .debug_macro   0x00000dd0      0x2fc src/ASF/common/utils/stdio/read.o
 .debug_macro   0x000010cc       0x9e src/ASF/common/utils/stdio/read.o
 .debug_macro   0x0000116a     0x62da src/ASF/common/utils/stdio/read.o
 .debug_macro   0x00007444       0x9a src/ASF/common/utils/stdio/read.o
 .debug_macro   0x000074de       0xf1 src/ASF/common/utils/stdio/read.o
 .debug_macro   0x000075cf       0x34 src/ASF/common/utils/stdio/read.o
 .debug_macro   0x00007603       0x16 src/ASF/common/utils/stdio/read.o
 .debug_macro   0x00007619       0x18 src/ASF/common/utils/stdio/read.o
 .debug_macro   0x00007631       0x5e src/ASF/common/utils/stdio/read.o
 .debug_macro   0x0000768f       0x10 src/ASF/common/utils/stdio/read.o
 .debug_macro   0x0000769f       0x22 src/ASF/common/utils/stdio/read.o
 .debug_macro   0x000076c1      0x16d src/ASF/common/utils/stdio/read.o
 .debug_macro   0x0000782e       0x1c src/ASF/common/utils/stdio/read.o
 .debug_macro   0x0000784a       0x35 src/ASF/common/utils/stdio/read.o
 .debug_macro   0x0000787f       0x66 src/ASF/common/utils/stdio/read.o
 .debug_macro   0x000078e5      0x6d7 src/ASF/common/utils/stdio/read.o
 .debug_macro   0x00007fbc       0x96 src/ASF/common/utils/stdio/read.o
 .debug_macro   0x00008052       0x17 src/ASF/common/utils/stdio/read.o
 .debug_macro   0x00008069      0x250 src/ASF/common/utils/stdio/read.o
 .debug_macro   0x000082b9       0x76 src/ASF/common/utils/stdio/read.o
 .debug_macro   0x0000832f       0x16 src/ASF/common/utils/stdio/read.o
 .debug_macro   0x00008345      0x6d9 src/ASF/common/utils/stdio/read.o
 .debug_macro   0x00008a1e       0x10 src/ASF/common/utils/stdio/read.o
 .debug_macro   0x00008a2e      0x175 src/ASF/common/utils/stdio/read.o
 .debug_macro   0x00008ba3       0x40 src/ASF/common/utils/stdio/read.o
 .debug_macro   0x00008be3       0x69 src/ASF/common/utils/stdio/read.o
 .debug_macro   0x00008c4c       0x31 src/ASF/common/utils/stdio/read.o
 .debug_macro   0x00008c7d       0xe4 src/ASF/common/utils/stdio/read.o
 .debug_macro   0x00008d61      0x22c src/ASF/xmega/drivers/usart/usart.o
 .debug_macro   0x00008f8d      0x302 src/ASF/xmega/drivers/usart/usart.o
 .debug_macro   0x0000928f       0x34 src/ASF/xmega/drivers/usart/usart.o
 .debug_macro   0x000092c3       0x22 src/ASF/xmega/drivers/usart/usart.o
 .debug_macro   0x000092e5      0x2c3 src/ASF/xmega/drivers/usart/usart.o
 .debug_macro   0x000095a8       0x64 src/ASF/xmega/drivers/usart/usart.o
 .debug_macro   0x0000960c       0x2f src/ASF/xmega/drivers/usart/usart.o
 .debug_macro   0x0000963b      0x154 src/ASF/xmega/drivers/usart/usart.o
 .debug_macro   0x0000978f       0x82 src/ASF/xmega/drivers/usart/usart.o
 .debug_macro   0x00009811      0x102 src/ASF/xmega/drivers/usart/usart.o
 .debug_macro   0x00009913      0x2f9 src/src/usart_console.o
 .debug_macro   0x00009c0c       0x34 src/src/usart_console.o
 .debug_macro   0x00009c40       0x22 src/src/usart_console.o
 .debug_macro   0x00009c62       0x28 src/src/usart_console.o
 .debug_macro   0x00009c8a       0x22 src/src/usart_console.o
 .debug_macro   0x00009cac       0x26 src/src/usart_console.o
 .debug_macro   0x00009cd2       0x2e src/src/usart_console.o
 .debug_macro   0x00009d00       0x58 src/src/usart_console.o
 .debug_macro   0x00009d58       0x10 src/src/usart_console.o
 .debug_macro   0x00009d68       0xf2 src/src/usart_console.o
 .debug_macro   0x00009e5a       0x3a src/src/usart_console.o
 .debug_macro   0x00009e94       0x10 src/src/usart_console.o
 .debug_macro   0x00009ea4       0x28 src/src/usart_console.o
 .debug_macro   0x00009ecc      0x16d src/ASF/common/utils/stdio/write.o
 .debug_macro   0x0000a039      0x1e6 src/ASF/common/services/clock/xmega/sysclk.o
 .debug_macro   0x0000a21f      0x180 src/ASF/xmega/drivers/wdt/wdt.o
 .debug_macro   0x0000a39f      0x2ea src/ASF/common/boards/user_board/init.o
 .debug_macro   0x0000a689      0x2f3 src/main.o
 .debug_macro   0x0000a97c       0x2e src/main.o
OUTPUT(RainbowHorizonsBaller.elf elf32-avr)
LOAD linker stubs
