Archive member included to satisfy reference by file (symbol)

c:/program files (x86)/atmel/studio/7.0/toolchain/avr8/avr8-gnu-toolchain/bin/../lib/gcc/avr/5.4.0/../../../../avr/lib/avrxmega6\libm.a(divsf3.o)
                              src/src/drivers/pressure/MS56XX.o (__divsf3)
c:/program files (x86)/atmel/studio/7.0/toolchain/avr8/avr8-gnu-toolchain/bin/../lib/gcc/avr/5.4.0/../../../../avr/lib/avrxmega6\libm.a(divsf3x.o)
                              c:/program files (x86)/atmel/studio/7.0/toolchain/avr8/avr8-gnu-toolchain/bin/../lib/gcc/avr/5.4.0/../../../../avr/lib/avrxmega6\libm.a(divsf3.o) (__divsf3x)
c:/program files (x86)/atmel/studio/7.0/toolchain/avr8/avr8-gnu-toolchain/bin/../lib/gcc/avr/5.4.0/../../../../avr/lib/avrxmega6\libm.a(fixsfdi.o)
                              src/src/drivers/pressure/MS56XX.o (__fixunssfdi)
c:/program files (x86)/atmel/studio/7.0/toolchain/avr8/avr8-gnu-toolchain/bin/../lib/gcc/avr/5.4.0/../../../../avr/lib/avrxmega6\libm.a(floatundisf.o)
                              src/src/drivers/pressure/MS56XX.o (__floatundisf)
c:/program files (x86)/atmel/studio/7.0/toolchain/avr8/avr8-gnu-toolchain/bin/../lib/gcc/avr/5.4.0/../../../../avr/lib/avrxmega6\libm.a(fp_inf.o)
                              c:/program files (x86)/atmel/studio/7.0/toolchain/avr8/avr8-gnu-toolchain/bin/../lib/gcc/avr/5.4.0/../../../../avr/lib/avrxmega6\libm.a(divsf3x.o) (__fp_inf)
c:/program files (x86)/atmel/studio/7.0/toolchain/avr8/avr8-gnu-toolchain/bin/../lib/gcc/avr/5.4.0/../../../../avr/lib/avrxmega6\libm.a(fp_nan.o)
                              c:/program files (x86)/atmel/studio/7.0/toolchain/avr8/avr8-gnu-toolchain/bin/../lib/gcc/avr/5.4.0/../../../../avr/lib/avrxmega6\libm.a(divsf3x.o) (__fp_nan)
c:/program files (x86)/atmel/studio/7.0/toolchain/avr8/avr8-gnu-toolchain/bin/../lib/gcc/avr/5.4.0/../../../../avr/lib/avrxmega6\libm.a(fp_negdi.o)
                              c:/program files (x86)/atmel/studio/7.0/toolchain/avr8/avr8-gnu-toolchain/bin/../lib/gcc/avr/5.4.0/../../../../avr/lib/avrxmega6\libm.a(fixsfdi.o) (__fp_negdi)
c:/program files (x86)/atmel/studio/7.0/toolchain/avr8/avr8-gnu-toolchain/bin/../lib/gcc/avr/5.4.0/../../../../avr/lib/avrxmega6\libm.a(fp_pscA.o)
                              c:/program files (x86)/atmel/studio/7.0/toolchain/avr8/avr8-gnu-toolchain/bin/../lib/gcc/avr/5.4.0/../../../../avr/lib/avrxmega6\libm.a(divsf3x.o) (__fp_pscA)
c:/program files (x86)/atmel/studio/7.0/toolchain/avr8/avr8-gnu-toolchain/bin/../lib/gcc/avr/5.4.0/../../../../avr/lib/avrxmega6\libm.a(fp_pscB.o)
                              c:/program files (x86)/atmel/studio/7.0/toolchain/avr8/avr8-gnu-toolchain/bin/../lib/gcc/avr/5.4.0/../../../../avr/lib/avrxmega6\libm.a(divsf3x.o) (__fp_pscB)
c:/program files (x86)/atmel/studio/7.0/toolchain/avr8/avr8-gnu-toolchain/bin/../lib/gcc/avr/5.4.0/../../../../avr/lib/avrxmega6\libm.a(fp_round.o)
                              c:/program files (x86)/atmel/studio/7.0/toolchain/avr8/avr8-gnu-toolchain/bin/../lib/gcc/avr/5.4.0/../../../../avr/lib/avrxmega6\libm.a(divsf3.o) (__fp_round)
c:/program files (x86)/atmel/studio/7.0/toolchain/avr8/avr8-gnu-toolchain/bin/../lib/gcc/avr/5.4.0/../../../../avr/lib/avrxmega6\libm.a(fp_split3.o)
                              c:/program files (x86)/atmel/studio/7.0/toolchain/avr8/avr8-gnu-toolchain/bin/../lib/gcc/avr/5.4.0/../../../../avr/lib/avrxmega6\libm.a(divsf3x.o) (__fp_split3)
c:/program files (x86)/atmel/studio/7.0/toolchain/avr8/avr8-gnu-toolchain/bin/../lib/gcc/avr/5.4.0/../../../../avr/lib/avrxmega6\libm.a(fp_zero.o)
                              c:/program files (x86)/atmel/studio/7.0/toolchain/avr8/avr8-gnu-toolchain/bin/../lib/gcc/avr/5.4.0/../../../../avr/lib/avrxmega6\libm.a(divsf3x.o) (__fp_szero)
c:/program files (x86)/atmel/studio/7.0/toolchain/avr8/avr8-gnu-toolchain/bin/../lib/gcc/avr/5.4.0/avrxmega6\libgcc.a(_udivmodsi4.o)
                              src/ASF/xmega/drivers/usart/usart.o (__udivmodsi4)
c:/program files (x86)/atmel/studio/7.0/toolchain/avr8/avr8-gnu-toolchain/bin/../lib/gcc/avr/5.4.0/avrxmega6\libgcc.a(_exit.o)
                              C:/Program Files (x86)/Atmel/Studio/7.0/Packs/atmel/XMEGAA_DFP/1.1.68/gcc/dev/atxmega192a3u/avrxmega6/crtatxmega192a3u.o (exit)
c:/program files (x86)/atmel/studio/7.0/toolchain/avr8/avr8-gnu-toolchain/bin/../lib/gcc/avr/5.4.0/avrxmega6\libgcc.a(_copy_data.o)
                              src/src/usart_console.o (__do_copy_data)
c:/program files (x86)/atmel/studio/7.0/toolchain/avr8/avr8-gnu-toolchain/bin/../lib/gcc/avr/5.4.0/avrxmega6\libgcc.a(_clear_bss.o)
                              src/ASF/common/utils/stdio/read.o (__do_clear_bss)
c:/program files (x86)/atmel/studio/7.0/toolchain/avr8/avr8-gnu-toolchain/bin/../lib/gcc/avr/5.4.0/avrxmega6\libgcc.a(_muldi3.o)
                              src/src/drivers/pressure/MS56XX.o (__muldi3)
[...]
Memory Configuration

Name             Origin             Length             Attributes
text             0x00000000         0x00100000         xr
data             0x00802000         0x0000ffa0         rw !x
eeprom           0x00810000         0x00010000         rw !x
fuse             0x00820000         0x00000006         rw !x
lock             0x00830000         0x00000400         rw !x
signature        0x00840000         0x00000400         rw !x
user_signatures  0x00850000         0x00000400         rw !x
*default*        0x00000000         0xffffffff

Linker script and memory map

LOAD C:/Program Files (x86)/Atmel/Studio/7.0/Packs/atmel/XMEGAA_DFP/1.1.68/gcc/dev/atxmega192a3u/avrxmega6/crtatxmega192a3u.o
LOAD src/ASF/common/utils/stdio/read.o
LOAD src/ASF/xmega/drivers/usart/usart.o
LOAD src/src/drivers/pressure/MS56XX.o
LOAD src/src/drivers/pressure/SPI.o
LOAD src/src/drivers/spectrometer/spectrometer.o
LOAD src/src/usart_console.o
LOAD src/ASF/common/utils/stdio/write.o
LOAD src/ASF/common/services/spi/xmega_spi/spi_master.o
LOAD src/ASF/common/services/serial/usart_serial.o
LOAD src/ASF/common/services/ioport/xmega/ioport_compat.o
LOAD src/ASF/common/services/clock/xmega/sysclk.o
LOAD src/ASF/common/services/fifo/fifo.o
LOAD src/ASF/xmega/drivers/nvm/nvm.o
LOAD src/ASF/xmega/drivers/spi/spi.o
LOAD src/ASF/xmega/drivers/wdt/wdt.o
LOAD src/ASF/xmega/drivers/nvm/nvm_asm.o
LOAD src/ASF/xmega/drivers/cpu/ccp.o
LOAD src/ASF/common/boards/user_board/init.o
LOAD src/main.o
START GROUP
LOAD c:/program files (x86)/atmel/studio/7.0/toolchain/avr8/avr8-gnu-toolchain/bin/../lib/gcc/avr/5.4.0/../../../../avr/lib/avrxmega6\libm.a
END GROUP
START GROUP
LOAD c:/program files (x86)/atmel/studio/7.0/toolchain/avr8/avr8-gnu-toolchain/bin/../lib/gcc/avr/5.4.0/avrxmega6\libgcc.a
LOAD c:/program files (x86)/atmel/studio/7.0/toolchain/avr8/avr8-gnu-toolchain/bin/../lib/gcc/avr/5.4.0/../../../../avr/lib/avrxmega6\libm.a
LOAD c:/program files (x86)/atmel/studio/7.0/toolchain/avr8/avr8-gnu-toolchain/bin/../lib/gcc/avr/5.4.0/../../../../avr/lib/avrxmega6\libc.a
LOAD C:/Program Files (x86)/Atmel/Studio/7.0/Packs/atmel/XMEGAA_DFP/1.1.68/gcc/dev/atxmega192a3u/avrxmega6\libatxmega192a3u.a
END GROUP
                0x00100000                __TEXT_REGION_LENGTH__ = DEFINED (__TEXT_REGION_LENGTH__)?__TEXT_REGION_LENGTH__:0x100000
                0x0000ffa0                __DATA_REGION_LENGTH__ = DEFINED (__DATA_REGION_LENGTH__)?__DATA_REGION_LENGTH__:0xffa0
                0x00010000                __EEPROM_REGION_LENGTH__ = DEFINED (__EEPROM_REGION_LENGTH__)?__EEPROM_REGION_LENGTH__:0x10000
                [0x00000006]                __FUSE_REGION_LENGTH__ = DEFINED (__FUSE_REGION_LENGTH__)?__FUSE_REGION_LENGTH__:0x400
                0x00000400                __LOCK_REGION_LENGTH__ = DEFINED (__LOCK_REGION_LENGTH__)?__LOCK_REGION_LENGTH__:0x400
                0x00000400                __SIGNATURE_REGION_LENGTH__ = DEFINED (__SIGNATURE_REGION_LENGTH__)?__SIGNATURE_REGION_LENGTH__:0x400
                0x00000400                __USER_SIGNATURE_REGION_LENGTH__ = DEFINED (__USER_SIGNATURE_REGION_LENGTH__)?__USER_SIGNATURE_REGION_LENGTH__:0x400

.hash
 *(.hash)

.dynsym
 *(.dynsym)

.dynstr
 *(.dynstr)

.gnu.version
 *(.gnu.version)

.gnu.version_d
 *(.gnu.version_d)

.gnu.version_r
 *(.gnu.version_r)

.rel.init
 *(.rel.init)

.rela.init
 *(.rela.init)

.rel.text
 *(.rel.text)
 *(.rel.text.*)
 *(.rel.gnu.linkonce.t*)

.rela.text
 *(.rela.text)
 *(.rela.text.*)
 *(.rela.gnu.linkonce.t*)

.rel.fini
 *(.rel.fini)

.rela.fini
 *(.rela.fini)

.rel.rodata
 *(.rel.rodata)
 *(.rel.rodata.*)
 *(.rel.gnu.linkonce.r*)

.rela.rodata
 *(.rela.rodata)
 *(.rela.rodata.*)
 *(.rela.gnu.linkonce.r*)

.rel.data
 *(.rel.data)
 *(.rel.data.*)
 *(.rel.gnu.linkonce.d*)

.rela.data
 *(.rela.data)
 *(.rela.data.*)
 *(.rela.gnu.linkonce.d*)

.rel.ctors
 *(.rel.ctors)

.rela.ctors
 *(.rela.ctors)

.rel.dtors
 *(.rel.dtors)

.rela.dtors
 *(.rela.dtors)

.rel.got
 *(.rel.got)

.rela.got
 *(.rela.got)

.rel.bss
 *(.rel.bss)

.rela.bss
 *(.rela.bss)

.rel.plt
 *(.rel.plt)

.rela.plt
 *(.rela.plt)

.text           0x00000000     0x24b4
 *(.vectors)
 .vectors       0x00000000      0x1fc C:/Program Files (x86)/Atmel/Studio/7.0/Packs/atmel/XMEGAA_DFP/1.1.68/gcc/dev/atxmega192a3u/avrxmega6/crtatxmega192a3u.o
                0x00000000                __vector_default
                0x00000000                __vectors
 *(.vectors)
 *(.progmem.gcc*)
                0x000001fc                . = ALIGN (0x2)
                0x000001fc                __trampolines_start = .
 *(.trampolines)
 .trampolines   0x000001fc        0x0 linker stubs
 *(.trampolines*)
                0x000001fc                __trampolines_end = .
 *libprintf_flt.a:*(.progmem.data)
 *libc.a:*(.progmem.data)
 *(.progmem*)
                0x000001fc                . = ALIGN (0x2)
 *(.jumptables)
 *(.jumptables*)
 *(.lowtext)
 *(.lowtext*)
                0x000001fc                __ctors_start = .
 *(.ctors)
                0x000001fc                __ctors_end = .
                0x000001fc                __dtors_start = .
 *(.dtors)
                0x000001fc                __dtors_end = .
 SORT(*)(.ctors)
 SORT(*)(.dtors)
 *(.init0)
 .init0         0x000001fc        0x0 C:/Program Files (x86)/Atmel/Studio/7.0/Packs/atmel/XMEGAA_DFP/1.1.68/gcc/dev/atxmega192a3u/avrxmega6/crtatxmega192a3u.o
                0x000001fc                __init
 *(.init0)
 *(.init1)
 *(.init1)
 *(.init2)
 .init2         0x000001fc       0x10 C:/Program Files (x86)/Atmel/Studio/7.0/Packs/atmel/XMEGAA_DFP/1.1.68/gcc/dev/atxmega192a3u/avrxmega6/crtatxmega192a3u.o
 *(.init2)
 *(.init3)
 *(.init3)
 *(.init4)
 .init4         0x0000020c       0x1a c:/program files (x86)/atmel/studio/7.0/toolchain/avr8/avr8-gnu-toolchain/bin/../lib/gcc/avr/5.4.0/avrxmega6\libgcc.a(_copy_data.o)
                0x0000020c                __do_copy_data
 .init4         0x00000226       0x10 c:/program files (x86)/atmel/studio/7.0/toolchain/avr8/avr8-gnu-toolchain/bin/../lib/gcc/avr/5.4.0/avrxmega6\libgcc.a(_clear_bss.o)
                0x00000226                __do_clear_bss
 *(.init4)
 *(.init5)
 *(.init5)
 *(.init6)
 *(.init6)
 *(.init7)
 *(.init7)
 *(.init8)
 *(.init8)
 *(.init9)
 .init9         0x00000236        0x8 C:/Program Files (x86)/Atmel/Studio/7.0/Packs/atmel/XMEGAA_DFP/1.1.68/gcc/dev/atxmega192a3u/avrxmega6/crtatxmega192a3u.o
 *(.init9)
 *(.text)
 .text          0x0000023e        0x2 C:/Program Files (x86)/Atmel/Studio/7.0/Packs/atmel/XMEGAA_DFP/1.1.68/gcc/dev/atxmega192a3u/avrxmega6/crtatxmega192a3u.o
                0x0000023e                __vector_38
                0x0000023e                __vector_104
                0x0000023e                __vector_22
                0x0000023e                __vector_63
                0x0000023e                __vector_28
                0x0000023e                __vector_67
                0x0000023e                __vector_1
                0x0000023e                __vector_119
                0x0000023e                __vector_32
                0x0000023e                __vector_75
                0x0000023e                __vector_71
                0x0000023e                __vector_91
                0x0000023e                __vector_34
                0x0000023e                __vector_62
                0x0000023e                __vector_77
                0x0000023e                __vector_102
                0x0000023e                __vector_24
                0x0000023e                __vector_12
                0x0000023e                __vector_55
                0x0000023e                __vector_69
                0x0000023e                __vector_81
                0x0000023e                __vector_90
                0x0000023e                __vector_46
                0x0000023e                __bad_interrupt
                0x0000023e                __vector_122
                0x0000023e                __vector_72
                0x0000023e                __vector_114
                0x0000023e                __vector_6
                0x0000023e                __vector_110
                0x0000023e                __vector_31
                0x0000023e                __vector_92
                0x0000023e                __vector_35
                0x0000023e                __vector_78
                0x0000023e                __vector_74
                0x0000023e                __vector_117
                0x0000023e                __vector_39
                0x0000023e                __vector_107
                0x0000023e                __vector_3
                0x0000023e                __vector_105
                0x0000023e                __vector_98
                0x0000023e                __vector_23
                0x0000023e                __vector_68
                0x0000023e                __vector_30
                0x0000023e                __vector_73
                0x0000023e                __vector_45
                0x0000023e                __vector_25
                0x0000023e                __vector_93
                0x0000023e                __vector_61
                0x0000023e                __vector_11
                0x0000023e                __vector_54
                0x0000023e                __vector_99
                0x0000023e                __vector_13
                0x0000023e                __vector_17
                0x0000023e                __vector_19
                0x0000023e                __vector_56
                0x0000023e                __vector_7
                0x0000023e                __vector_125
                0x0000023e                __vector_49
                0x0000023e                __vector_123
                0x0000023e                __vector_41
                0x0000023e                __vector_86
                0x0000023e                __vector_100
                0x0000023e                __vector_101
                0x0000023e                __vector_64
                0x0000023e                __vector_88
                0x0000023e                __vector_109
                0x0000023e                __vector_27
                0x0000023e                __vector_5
                0x0000023e                __vector_113
                0x0000023e                __vector_33
                0x0000023e                __vector_76
                0x0000023e                __vector_115
                0x0000023e                __vector_47
                0x0000023e                __vector_52
                0x0000023e                __vector_37
                0x0000023e                __vector_95
                0x0000023e                __vector_103
                0x0000023e                __vector_96
                0x0000023e                __vector_89
                0x0000023e                __vector_108
                0x0000023e                __vector_4
                0x0000023e                __vector_44
                0x0000023e                __vector_82
                0x0000023e                __vector_106
                0x0000023e                __vector_118
                0x0000023e                __vector_51
                0x0000023e                __vector_9
                0x0000023e                __vector_2
                0x0000023e                __vector_21
                0x0000023e                __vector_15
                0x0000023e                __vector_66
                0x0000023e                __vector_36
                0x0000023e                __vector_79
                0x0000023e                __vector_58
                0x0000023e                __vector_70
                0x0000023e                __vector_83
                0x0000023e                __vector_29
                0x0000023e                __vector_60
                0x0000023e                __vector_121
                0x0000023e                __vector_40
                0x0000023e                __vector_85
                0x0000023e                __vector_94
                0x0000023e                __vector_126
                0x0000023e                __vector_8
                0x0000023e                __vector_26
                0x0000023e                __vector_48
                0x0000023e                __vector_124
                0x0000023e                __vector_116
                0x0000023e                __vector_112
                0x0000023e                __vector_111
                0x0000023e                __vector_80
                0x0000023e                __vector_14
                0x0000023e                __vector_84
                0x0000023e                __vector_57
                0x0000023e                __vector_53
                0x0000023e                __vector_10
                0x0000023e                __vector_50
                0x0000023e                __vector_16
                0x0000023e                __vector_59
                0x0000023e                __vector_18
                0x0000023e                __vector_97
                0x0000023e                __vector_20
                0x0000023e                __vector_42
                0x0000023e                __vector_87
                0x0000023e                __vector_65
                0x0000023e                __vector_120
                0x00000240                . = ALIGN (0x2)
 *(.text.*)
 .text._read    0x00000240       0x32 src/ASF/common/utils/stdio/read.o
                0x00000240                _read
 .text.usart_putchar
                0x00000272       0x10 src/ASF/xmega/drivers/usart/usart.o
                0x00000272                usart_putchar
 .text.usart_getchar
                0x00000282        0xc src/ASF/xmega/drivers/usart/usart.o
                0x00000282                usart_getchar
 .text.usart_set_baudrate
                0x0000028e      0x226 src/ASF/xmega/drivers/usart/usart.o
                0x0000028e                usart_set_baudrate
 .text.usart_init_rs232
                0x000004b4      0x262 src/ASF/xmega/drivers/usart/usart.o
                0x000004b4                usart_init_rs232
 .text.__portable_avr_delay_cycles
                0x00000716       0x16 src/src/drivers/pressure/MS56XX.o
 .text.read16   0x0000072c       0x28 src/src/drivers/pressure/MS56XX.o
                0x0000072c                read16
 .text.read24   0x00000754       0x40 src/src/drivers/pressure/MS56XX.o
                0x00000754                read24
 .text.define_new_MS56XX_default_OSR
                0x00000794        0xe src/src/drivers/pressure/MS56XX.o
                0x00000794                define_new_MS56XX_default_OSR
 .text.pressureSensorReset
                0x000007a2       0x30 src/src/drivers/pressure/MS56XX.o
                0x000007a2                pressureSensorReset
 .text.calibratePressureSensor
                0x000007d2       0xaa src/src/drivers/pressure/MS56XX.o
                0x000007d2                calibratePressureSensor
 .text.get_read_info
                0x0000087c       0xa0 src/src/drivers/pressure/MS56XX.o
                0x0000087c                get_read_info
 .text.readMS56XX
                0x0000091c      0x68e src/src/drivers/pressure/MS56XX.o
                0x0000091c                readMS56XX
 .text.spiread  0x00000faa       0x10 src/src/drivers/pressure/SPI.o
                0x00000faa                spiread
 .text.spiwrite
                0x00000fba        0xc src/src/drivers/pressure/SPI.o
                0x00000fba                spiwrite
 .text.spiselect
                0x00000fc6       0x28 src/src/drivers/pressure/SPI.o
                0x00000fc6                spiselect
 .text.spideselect
                0x00000fee       0x28 src/src/drivers/pressure/SPI.o
                0x00000fee                spideselect
 .text.enable_select_pin
                0x00001016       0x2a src/src/drivers/pressure/SPI.o
                0x00001016                enable_select_pin
 .text.initializespi
                0x00001040      0x236 src/src/drivers/pressure/SPI.o
                0x00001040                initializespi
 .text.__portable_avr_delay_cycles
                0x00001276       0x16 src/src/drivers/spectrometer/spectrometer.o
 .text.spectrometer_reset
                0x0000128c       0x22 src/src/drivers/spectrometer/spectrometer.o
                0x0000128c                spectrometer_reset
 .text.spectrometer_read
                0x000012ae       0x3a src/src/drivers/spectrometer/spectrometer.o
                0x000012ae                spectrometer_read
 .text.__vector_43
                0x000012e8       0x9e src/src/drivers/spectrometer/spectrometer.o
                0x000012e8                __vector_43
 .text.__portable_avr_delay_cycles
                0x00001386       0x16 src/src/usart_console.o
 .text.usart_serial_getchar
                0x0000139c       0x12 src/src/usart_console.o
 .text.usart_serial_putchar
                0x000013ae        0x6 src/src/usart_console.o
 .text.console_init
                0x000013b4       0x94 src/src/usart_console.o
                0x000013b4                console_init
 .text._write   0x00001448       0x24 src/ASF/common/utils/stdio/write.o
                0x00001448                _write
 .text.spi_read_packet
                0x0000146c       0x26 src/ASF/common/services/spi/xmega_spi/spi_master.o
                0x0000146c                spi_read_packet
 .text.spi_select_device
                0x00001492       0x2c src/ASF/common/services/spi/xmega_spi/spi_master.o
                0x00001492                spi_select_device
 .text.spi_deselect_device
                0x000014be       0x2c src/ASF/common/services/spi/xmega_spi/spi_master.o
                0x000014be                spi_deselect_device
 .text.sysclk_init
                0x000014ea       0x6a src/ASF/common/services/clock/xmega/sysclk.o
                0x000014ea                sysclk_init
 .text.sysclk_enable_module
                0x00001554       0x2c src/ASF/common/services/clock/xmega/sysclk.o
                0x00001554                sysclk_enable_module
 .text.wdt_set_timeout_period
                0x00001580       0x26 src/ASF/xmega/drivers/wdt/wdt.o
                0x00001580                wdt_set_timeout_period
 .text.wdt_enable
                0x000015a6       0x1a src/ASF/xmega/drivers/wdt/wdt.o
                0x000015a6                wdt_enable
 .text.ccp_write_io
                0x000015c0        0xc src/ASF/xmega/drivers/cpu/ccp.o
                0x000015c0                ccp_write_io
 .text.board_init
                0x000015cc        0x2 src/ASF/common/boards/user_board/init.o
                0x000015cc                board_init
 .text.main     0x000015ce      0x100 src/main.o
                0x000015ce                main
 .text.avr-libc.fplib
                0x000016ce        0x4 c:/program files (x86)/atmel/studio/7.0/toolchain/avr8/avr8-gnu-toolchain/bin/../lib/gcc/avr/5.4.0/../../../../avr/lib/avrxmega6\libm.a(divsf3.o)
                0x000016ce                __divsf3
 .text.avr-libc.fplib
                0x000016d2       0xcc c:/program files (x86)/atmel/studio/7.0/toolchain/avr8/avr8-gnu-toolchain/bin/../lib/gcc/avr/5.4.0/../../../../avr/lib/avrxmega6\libm.a(divsf3x.o)
                0x000016e8                __divsf3x
                0x000016ec                __divsf3_pse
 .text.avr-libc.fplib
                0x0000179e       0x74 c:/program files (x86)/atmel/studio/7.0/toolchain/avr8/avr8-gnu-toolchain/bin/../lib/gcc/avr/5.4.0/../../../../avr/lib/avrxmega6\libm.a(fixsfdi.o)
                0x0000179e                __fixsfdi
                0x000017a8                __fixunssfdi
 .text.avr-libc.fplib
                0x00001812       0x7c c:/program files (x86)/atmel/studio/7.0/toolchain/avr8/avr8-gnu-toolchain/bin/../lib/gcc/avr/5.4.0/../../../../avr/lib/avrxmega6\libm.a(floatundisf.o)
                0x00001812                __floatundisf
                0x00001814                __fp_di2sf
 .text.avr-libc.fplib
                0x0000188e        0xc c:/program files (x86)/atmel/studio/7.0/toolchain/avr8/avr8-gnu-toolchain/bin/../lib/gcc/avr/5.4.0/../../../../avr/lib/avrxmega6\libm.a(fp_inf.o)
                0x0000188e                __fp_inf
 .text.avr-libc.fplib
                0x0000189a        0x6 c:/program files (x86)/atmel/studio/7.0/toolchain/avr8/avr8-gnu-toolchain/bin/../lib/gcc/avr/5.4.0/../../../../avr/lib/avrxmega6\libm.a(fp_nan.o)
                0x0000189a                __fp_nan
 .text.avr-libc.fplib
                0x000018a0       0x20 c:/program files (x86)/atmel/studio/7.0/toolchain/avr8/avr8-gnu-toolchain/bin/../lib/gcc/avr/5.4.0/../../../../avr/lib/avrxmega6\libm.a(fp_negdi.o)
                0x000018a0                __fp_negdi
 .text.avr-libc.fplib
                0x000018c0        0xe c:/program files (x86)/atmel/studio/7.0/toolchain/avr8/avr8-gnu-toolchain/bin/../lib/gcc/avr/5.4.0/../../../../avr/lib/avrxmega6\libm.a(fp_pscA.o)
                0x000018c0                __fp_pscA
 .text.avr-libc.fplib
                0x000018ce        0xe c:/program files (x86)/atmel/studio/7.0/toolchain/avr8/avr8-gnu-toolchain/bin/../lib/gcc/avr/5.4.0/../../../../avr/lib/avrxmega6\libm.a(fp_pscB.o)
                0x000018ce                __fp_pscB
 .text.avr-libc.fplib
                0x000018dc       0x22 c:/program files (x86)/atmel/studio/7.0/toolchain/avr8/avr8-gnu-toolchain/bin/../lib/gcc/avr/5.4.0/../../../../avr/lib/avrxmega6\libm.a(fp_round.o)
                0x000018dc                __fp_round
 .text.avr-libc.fplib
                0x000018fe       0x44 c:/program files (x86)/atmel/studio/7.0/toolchain/avr8/avr8-gnu-toolchain/bin/../lib/gcc/avr/5.4.0/../../../../avr/lib/avrxmega6\libm.a(fp_split3.o)
                0x000018fe                __fp_split3
                0x0000190e                __fp_splitA
 .text.avr-libc.fplib
                0x00001942        0xe c:/program files (x86)/atmel/studio/7.0/toolchain/avr8/avr8-gnu-toolchain/bin/../lib/gcc/avr/5.4.0/../../../../avr/lib/avrxmega6\libm.a(fp_zero.o)
                0x00001942                __fp_zero
                0x00001944                __fp_szero
 .text.libgcc.div
                0x00001950       0x44 c:/program files (x86)/atmel/studio/7.0/toolchain/avr8/avr8-gnu-toolchain/bin/../lib/gcc/avr/5.4.0/avrxmega6\libgcc.a(_udivmodsi4.o)
                0x00001950                __udivmodsi4
 .text.libgcc.mul
                0x00001994       0x92 c:/program files (x86)/atmel/studio/7.0/toolchain/avr8/avr8-gnu-toolchain/bin/../lib/gcc/avr/5.4.0/avrxmega6\libgcc.a(_muldi3.o)
                0x00001994                __muldi3
 .text.libgcc.mul
                0x00001a26       0x10 c:/program files (x86)/atmel/studio/7.0/toolchain/avr8/avr8-gnu-toolchain/bin/../lib/gcc/avr/5.4.0/avrxmega6\libgcc.a(_muldi3_6.o)
                0x00001a26                __muldi3_6
 .text.libgcc.div
                0x00001a36       0x1a c:/program files (x86)/atmel/studio/7.0/toolchain/avr8/avr8-gnu-toolchain/bin/../lib/gcc/avr/5.4.0/avrxmega6\libgcc.a(_udivdi3.o)
                0x00001a36                __umoddi3
                0x00001a3a                __udivdi3
                0x00001a3c                __udivdi3_umoddi3
 .text.libgcc.div
                0x00001a50       0xa2 c:/program files (x86)/atmel/studio/7.0/toolchain/avr8/avr8-gnu-toolchain/bin/../lib/gcc/avr/5.4.0/avrxmega6\libgcc.a(_udivmod64.o)
                0x00001a50                __udivmod64
 .text.libgcc.builtins
                0x00001af2       0x32 c:/program files (x86)/atmel/studio/7.0/toolchain/avr8/avr8-gnu-toolchain/bin/../lib/gcc/avr/5.4.0/avrxmega6\libgcc.a(_ashldi3.o)
                0x00001af2                __ashldi3
 .text.libgcc.builtins
                0x00001b24       0x3c c:/program files (x86)/atmel/studio/7.0/toolchain/avr8/avr8-gnu-toolchain/bin/../lib/gcc/avr/5.4.0/avrxmega6\libgcc.a(_ashrdi3.o)
                0x00001b24                __ashrdi3
                0x00001b28                __lshrdi3
 .text.libgcc   0x00001b60       0x12 c:/program files (x86)/atmel/studio/7.0/toolchain/avr8/avr8-gnu-toolchain/bin/../lib/gcc/avr/5.4.0/avrxmega6\libgcc.a(_adddi3.o)
                0x00001b60                __adddi3
 .text.libgcc   0x00001b72       0x12 c:/program files (x86)/atmel/studio/7.0/toolchain/avr8/avr8-gnu-toolchain/bin/../lib/gcc/avr/5.4.0/avrxmega6\libgcc.a(_subdi3.o)
                0x00001b72                __subdi3
 .text.libgcc   0x00001b84       0x18 c:/program files (x86)/atmel/studio/7.0/toolchain/avr8/avr8-gnu-toolchain/bin/../lib/gcc/avr/5.4.0/avrxmega6\libgcc.a(_cmpdi2_s8.o)
                0x00001b84                __cmpdi2_s8
 .text.libgcc.mul
                0x00001b9c       0x1e c:/program files (x86)/atmel/studio/7.0/toolchain/avr8/avr8-gnu-toolchain/bin/../lib/gcc/avr/5.4.0/avrxmega6\libgcc.a(_umulhisi3.o)
                0x00001b9c                __umulhisi3
 .text.avr-libc
                0x00001bba       0x94 c:/program files (x86)/atmel/studio/7.0/toolchain/avr8/avr8-gnu-toolchain/bin/../lib/gcc/avr/5.4.0/../../../../avr/lib/avrxmega6\libc.a(fdevopen.o)
                0x00001bba                fdevopen
 .text.avr-libc
                0x00001c4e       0x26 c:/program files (x86)/atmel/studio/7.0/toolchain/avr8/avr8-gnu-toolchain/bin/../lib/gcc/avr/5.4.0/../../../../avr/lib/avrxmega6\libc.a(printf.o)
                0x00001c4e                printf
 .text.avr-libc
                0x00001c74        0xa c:/program files (x86)/atmel/studio/7.0/toolchain/avr8/avr8-gnu-toolchain/bin/../lib/gcc/avr/5.4.0/../../../../avr/lib/avrxmega6\libc.a(putchar.o)
                0x00001c74                putchar
 .text.avr-libc
                0x00001c7e       0x60 c:/program files (x86)/atmel/studio/7.0/toolchain/avr8/avr8-gnu-toolchain/bin/../lib/gcc/avr/5.4.0/../../../../avr/lib/avrxmega6\libc.a(puts.o)
                0x00001c7e                puts
 .text.avr-libc
                0x00001cde      0x3ee c:/program files (x86)/atmel/studio/7.0/toolchain/avr8/avr8-gnu-toolchain/bin/../lib/gcc/avr/5.4.0/../../../../avr/lib/avrxmega6\libc.a(vfprintf_std.o)
                0x00001cde                vfprintf
 .text.avr-libc
                0x000020cc       0x34 c:/program files (x86)/atmel/studio/7.0/toolchain/avr8/avr8-gnu-toolchain/bin/../lib/gcc/avr/5.4.0/../../../../avr/lib/avrxmega6\libc.a(calloc.o)
                0x000020cc                calloc
 .text.avr-libc
                0x00002100      0x242 c:/program files (x86)/atmel/studio/7.0/toolchain/avr8/avr8-gnu-toolchain/bin/../lib/gcc/avr/5.4.0/../../../../avr/lib/avrxmega6\libc.a(malloc.o)
                0x00002100                malloc
                0x00002230                free
 .text.avr-libc
                0x00002342       0x16 c:/program files (x86)/atmel/studio/7.0/toolchain/avr8/avr8-gnu-toolchain/bin/../lib/gcc/avr/5.4.0/../../../../avr/lib/avrxmega6\libc.a(strnlen_P.o)
                0x00002342                strnlen_P
 .text.avr-libc
                0x00002358        0xe c:/program files (x86)/atmel/studio/7.0/toolchain/avr8/avr8-gnu-toolchain/bin/../lib/gcc/avr/5.4.0/../../../../avr/lib/avrxmega6\libc.a(memset.o)
                0x00002358                memset
 .text.avr-libc
                0x00002366       0x16 c:/program files (x86)/atmel/studio/7.0/toolchain/avr8/avr8-gnu-toolchain/bin/../lib/gcc/avr/5.4.0/../../../../avr/lib/avrxmega6\libc.a(strnlen.o)
                0x00002366                strnlen
 .text.avr-libc
                0x0000237c       0x78 c:/program files (x86)/atmel/studio/7.0/toolchain/avr8/avr8-gnu-toolchain/bin/../lib/gcc/avr/5.4.0/../../../../avr/lib/avrxmega6\libc.a(fputc.o)
                0x0000237c                fputc
 .text.avr-libc
                0x000023f4       0xbc c:/program files (x86)/atmel/studio/7.0/toolchain/avr8/avr8-gnu-toolchain/bin/../lib/gcc/avr/5.4.0/../../../../avr/lib/avrxmega6\libc.a(ultoa_invert.o)
                0x000023f4                __ultoa_invert
                0x000024b0                . = ALIGN (0x2)
 *(.fini9)
 .fini9         0x000024b0        0x0 c:/program files (x86)/atmel/studio/7.0/toolchain/avr8/avr8-gnu-toolchain/bin/../lib/gcc/avr/5.4.0/avrxmega6\libgcc.a(_exit.o)
                0x000024b0                _exit
                0x000024b0                exit
 *(.fini9)
 *(.fini8)
 *(.fini8)
 *(.fini7)
 *(.fini7)
 *(.fini6)
 *(.fini6)
 *(.fini5)
 *(.fini5)
 *(.fini4)
 *(.fini4)
 *(.fini3)
 *(.fini3)
 *(.fini2)
 *(.fini2)
 *(.fini1)
 *(.fini1)
 *(.fini0)
 .fini0         0x000024b0        0x4 c:/program files (x86)/atmel/studio/7.0/toolchain/avr8/avr8-gnu-toolchain/bin/../lib/gcc/avr/5.4.0/avrxmega6\libgcc.a(_exit.o)
 *(.fini0)
                0x000024b4                _etext = .

.data           0x00802000       0x60 load address 0x000024b4
                0x00802000                PROVIDE (__data_start, .)
 *(.data)
 .data          0x00802000        0x6 c:/program files (x86)/atmel/studio/7.0/toolchain/avr8/avr8-gnu-toolchain/bin/../lib/gcc/avr/5.4.0/../../../../avr/lib/avrxmega6\libc.a(malloc.o)
                0x00802000                __malloc_heap_end
                0x00802002                __malloc_heap_start
                0x00802004                __malloc_margin
 *(.data*)
 .data.usart_config.5726
                0x00802006        0x7 src/src/usart_console.o
 *(.gnu.linkonce.d*)
 *(.rodata)
 *(.rodata*)
 .rodata.str1.1
                0x0080200d       0x53 src/main.o
 *(.gnu.linkonce.r*)
                0x00802060                . = ALIGN (0x2)
                0x00802060                _edata = .
                0x00802060                PROVIDE (__data_end, .)

.bss            0x00802060     0x1031
                0x00802060                PROVIDE (__bss_start, .)
 *(.bss)
 *(.bss*)
 *(COMMON)
 COMMON         0x00802060        0x2 src/ASF/common/utils/stdio/read.o
                0x00802060                ptr_get
 COMMON         0x00802062     0x1007 src/src/drivers/spectrometer/spectrometer.o
                0x00802062                image
                0x00803062                pixel_count
                0x00803064                pixel
                0x00803066                image_done
                0x00803068                spec_spi_conf
 COMMON         0x00803069        0x4 src/ASF/common/utils/stdio/write.o
                0x00803069                ptr_put
                0x0080306b                stdio_base
 COMMON         0x0080306d       0x1a src/main.o
                0x0080306d                pressure_sensor
 COMMON         0x00803087        0x6 c:/program files (x86)/atmel/studio/7.0/toolchain/avr8/avr8-gnu-toolchain/bin/../lib/gcc/avr/5.4.0/../../../../avr/lib/avrxmega6\libc.a(iob.o)
                0x00803087                __iob
 COMMON         0x0080308d        0x4 c:/program files (x86)/atmel/studio/7.0/toolchain/avr8/avr8-gnu-toolchain/bin/../lib/gcc/avr/5.4.0/../../../../avr/lib/avrxmega6\libc.a(malloc.o)
                0x0080308d                __brkval
                0x0080308f                __flp
                0x00803091                PROVIDE (__bss_end, .)
                0x000024b4                __data_load_start = LOADADDR (.data)
                0x00002514                __data_load_end = (__data_load_start + SIZEOF (.data))

.noinit         0x00803091        0x0
                [!provide]                PROVIDE (__noinit_start, .)
 *(.noinit*)
                [!provide]                PROVIDE (__noinit_end, .)
                0x00803091                _end = .
                0x00803091                PROVIDE (__heap_start, .)

.eeprom         0x00810000        0x0
 *(.eeprom*)
                0x00810000                __eeprom_end = .

.fuse
 *(.fuse)
 *(.lfuse)
 *(.hfuse)
 *(.efuse)

.lock
 *(.lock*)

.signature
 *(.signature*)

.user_signatures
 *(.user_signatures*)

.stab
 *(.stab)

.stabstr
 *(.stabstr)

.stab.excl
 *(.stab.excl)

.stab.exclstr
 *(.stab.exclstr)

.stab.index
 *(.stab.index)

.stab.indexstr
 *(.stab.indexstr)

.comment        0x00000000       0x5c
 *(.comment)
 .comment       0x00000000       0x30 src/ASF/common/utils/stdio/read.o
                                 0x31 (size before relaxing)
 .comment       0x00000030       0x31 src/ASF/xmega/drivers/usart/usart.o
 .comment       0x00000030       0x31 src/src/drivers/pressure/MS56XX.o
 .comment       0x00000030       0x31 src/src/drivers/pressure/SPI.o
 .comment       0x00000030       0x31 src/src/drivers/spectrometer/spectrometer.o
 .comment       0x00000030       0x31 src/src/usart_console.o
 .comment       0x00000030       0x31 src/ASF/common/utils/stdio/write.o
 .comment       0x00000030       0x31 src/ASF/common/services/spi/xmega_spi/spi_master.o
 .comment       0x00000030       0x31 src/ASF/common/services/clock/xmega/sysclk.o
 .comment       0x00000030       0x31 src/ASF/xmega/drivers/wdt/wdt.o
 .comment       0x00000030       0x31 src/ASF/common/boards/user_board/init.o
 .comment       0x00000030       0x31 src/main.o
 .comment       0x00000030       0x31 c:/program files (x86)/atmel/studio/7.0/toolchain/avr8/avr8-gnu-toolchain/bin/../lib/gcc/avr/5.4.0/../../../../avr/lib/avrxmega6\libc.a(fdevopen.o)
 .comment       0x00000030       0x31 c:/program files (x86)/atmel/studio/7.0/toolchain/avr8/avr8-gnu-toolchain/bin/../lib/gcc/avr/5.4.0/../../../../avr/lib/avrxmega6\libc.a(iob.o)
 .comment       0x00000030       0x31 c:/program files (x86)/atmel/studio/7.0/toolchain/avr8/avr8-gnu-toolchain/bin/../lib/gcc/avr/5.4.0/../../../../avr/lib/avrxmega6\libc.a(printf.o)
 .comment       0x00000030       0x31 c:/program files (x86)/atmel/studio/7.0/toolchain/avr8/avr8-gnu-toolchain/bin/../lib/gcc/avr/5.4.0/../../../../avr/lib/avrxmega6\libc.a(putchar.o)
 .comment       0x00000030       0x31 c:/program files (x86)/atmel/studio/7.0/toolchain/avr8/avr8-gnu-toolchain/bin/../lib/gcc/avr/5.4.0/../../../../avr/lib/avrxmega6\libc.a(puts.o)
 .comment       0x00000030       0x2c c:/program files (x86)/atmel/studio/7.0/toolchain/avr8/avr8-gnu-toolchain/bin/../lib/gcc/avr/5.4.0/../../../../avr/lib/avrxmega6\libc.a(vfprintf_std.o)
                                 0x2d (size before relaxing)
 .comment       0x0000005c       0x31 c:/program files (x86)/atmel/studio/7.0/toolchain/avr8/avr8-gnu-toolchain/bin/../lib/gcc/avr/5.4.0/../../../../avr/lib/avrxmega6\libc.a(calloc.o)
 .comment       0x0000005c       0x31 c:/program files (x86)/atmel/studio/7.0/toolchain/avr8/avr8-gnu-toolchain/bin/../lib/gcc/avr/5.4.0/../../../../avr/lib/avrxmega6\libc.a(malloc.o)
 .comment       0x0000005c       0x31 c:/program files (x86)/atmel/studio/7.0/toolchain/avr8/avr8-gnu-toolchain/bin/../lib/gcc/avr/5.4.0/../../../../avr/lib/avrxmega6\libc.a(fputc.o)

.note.gnu.avr.deviceinfo
                0x00000000       0x40
 .note.gnu.avr.deviceinfo
                0x00000000       0x40 C:/Program Files (x86)/Atmel/Studio/7.0/Packs/atmel/XMEGAA_DFP/1.1.68/gcc/dev/atxmega192a3u/avrxmega6/crtatxmega192a3u.o

.note.gnu.build-id
 *(.note.gnu.build-id)

.debug
 *(.debug)

.line
 *(.line)

.debug_srcinfo
 *(.debug_srcinfo)

.debug_sfnames
 *(.debug_sfnames)

.debug_aranges  0x00000000      0x2f0
 *(.debug_aranges)
 .debug_aranges
                0x00000000       0x20 src/ASF/common/utils/stdio/read.o
 .debug_aranges
                0x00000020       0x58 src/ASF/xmega/drivers/usart/usart.o
 .debug_aranges
                0x00000078       0x60 src/src/drivers/pressure/MS56XX.o
 .debug_aranges
                0x000000d8       0x48 src/src/drivers/pressure/SPI.o
 .debug_aranges
                0x00000120       0x40 src/src/drivers/spectrometer/spectrometer.o
 .debug_aranges
                0x00000160       0x38 src/src/usart_console.o
 .debug_aranges
                0x00000198       0x20 src/ASF/common/utils/stdio/write.o
 .debug_aranges
                0x000001b8       0x48 src/ASF/common/services/spi/xmega_spi/spi_master.o
 .debug_aranges
                0x00000200       0x40 src/ASF/common/services/clock/xmega/sysclk.o
 .debug_aranges
                0x00000240       0x50 src/ASF/xmega/drivers/wdt/wdt.o
 .debug_aranges
                0x00000290       0x20 src/ASF/xmega/drivers/cpu/ccp.o
 .debug_aranges
                0x000002b0       0x20 src/ASF/common/boards/user_board/init.o
 .debug_aranges
                0x000002d0       0x20 src/main.o

.debug_pubnames
 *(.debug_pubnames)

.debug_info     0x00000000     0xe962
 *(.debug_info .gnu.linkonce.wi.*)
 .debug_info    0x00000000     0x3409 C:/Program Files (x86)/Atmel/Studio/7.0/Packs/atmel/XMEGAA_DFP/1.1.68/gcc/dev/atxmega192a3u/avrxmega6/crtatxmega192a3u.o
 .debug_info    0x00003409      0x119 src/ASF/common/utils/stdio/read.o
 .debug_info    0x00003522     0x2f03 src/ASF/xmega/drivers/usart/usart.o
 .debug_info    0x00006425      0xb43 src/src/drivers/pressure/MS56XX.o
 .debug_info    0x00006f68     0x245d src/src/drivers/pressure/SPI.o
 .debug_info    0x000093c5      0xe7a src/src/drivers/spectrometer/spectrometer.o
 .debug_info    0x0000a23f     0x218e src/src/usart_console.o
 .debug_info    0x0000c3cd      0x119 src/ASF/common/utils/stdio/write.o
 .debug_info    0x0000c4e6      0xb4e src/ASF/common/services/spi/xmega_spi/spi_master.o
 .debug_info    0x0000d034      0x83b src/ASF/common/services/clock/xmega/sysclk.o
 .debug_info    0x0000d86f      0x4e4 src/ASF/xmega/drivers/wdt/wdt.o
 .debug_info    0x0000dd53       0x94 src/ASF/xmega/drivers/cpu/ccp.o
 .debug_info    0x0000dde7      0x168 src/ASF/common/boards/user_board/init.o
 .debug_info    0x0000df4f      0xa13 src/main.o

.debug_abbrev   0x00000000     0x4cb8
 *(.debug_abbrev)
 .debug_abbrev  0x00000000     0x3148 C:/Program Files (x86)/Atmel/Studio/7.0/Packs/atmel/XMEGAA_DFP/1.1.68/gcc/dev/atxmega192a3u/avrxmega6/crtatxmega192a3u.o
 .debug_abbrev  0x00003148       0xc5 src/ASF/common/utils/stdio/read.o
 .debug_abbrev  0x0000320d      0x3f5 src/ASF/xmega/drivers/usart/usart.o
 .debug_abbrev  0x00003602      0x347 src/src/drivers/pressure/MS56XX.o
 .debug_abbrev  0x00003949      0x32e src/src/drivers/pressure/SPI.o
 .debug_abbrev  0x00003c77      0x2d5 src/src/drivers/spectrometer/spectrometer.o
 .debug_abbrev  0x00003f4c      0x340 src/src/usart_console.o
 .debug_abbrev  0x0000428c       0xa7 src/ASF/common/utils/stdio/write.o
 .debug_abbrev  0x00004333      0x29e src/ASF/common/services/spi/xmega_spi/spi_master.o
 .debug_abbrev  0x000045d1      0x241 src/ASF/common/services/clock/xmega/sysclk.o
 .debug_abbrev  0x00004812      0x16f src/ASF/xmega/drivers/wdt/wdt.o
 .debug_abbrev  0x00004981       0x14 src/ASF/xmega/drivers/cpu/ccp.o
 .debug_abbrev  0x00004995       0xbd src/ASF/common/boards/user_board/init.o
 .debug_abbrev  0x00004a52      0x266 src/main.o

.debug_line     0x00000000     0x6904
 *(.debug_line .debug_line.* .debug_line_end)
 .debug_line    0x00000000      0x39d C:/Program Files (x86)/Atmel/Studio/7.0/Packs/atmel/XMEGAA_DFP/1.1.68/gcc/dev/atxmega192a3u/avrxmega6/crtatxmega192a3u.o
 .debug_line    0x0000039d      0x3d3 src/ASF/common/utils/stdio/read.o
 .debug_line    0x00000770      0xcef src/ASF/xmega/drivers/usart/usart.o
 .debug_line    0x0000145f      0xbfc src/src/drivers/pressure/MS56XX.o
 .debug_line    0x0000205b      0xb03 src/src/drivers/pressure/SPI.o
 .debug_line    0x00002b5e      0xa98 src/src/drivers/spectrometer/spectrometer.o
 .debug_line    0x000035f6      0x95e src/src/usart_console.o
 .debug_line    0x00003f54      0x3da src/ASF/common/utils/stdio/write.o
 .debug_line    0x0000432e      0x757 src/ASF/common/services/spi/xmega_spi/spi_master.o
 .debug_line    0x00004a85      0x6a8 src/ASF/common/services/clock/xmega/sysclk.o
 .debug_line    0x0000512d      0x560 src/ASF/xmega/drivers/wdt/wdt.o
 .debug_line    0x0000568d       0x6e src/ASF/xmega/drivers/cpu/ccp.o
 .debug_line    0x000056fb      0x862 src/ASF/common/boards/user_board/init.o
 .debug_line    0x00005f5d      0x9a7 src/main.o

.debug_frame    0x00000000      0x718
 *(.debug_frame)
 .debug_frame   0x00000000       0x34 src/ASF/common/utils/stdio/read.o
 .debug_frame   0x00000034      0x14c src/ASF/xmega/drivers/usart/usart.o
 .debug_frame   0x00000180      0x158 src/src/drivers/pressure/MS56XX.o
 .debug_frame   0x000002d8       0x88 src/src/drivers/pressure/SPI.o
 .debug_frame   0x00000360      0x108 src/src/drivers/spectrometer/spectrometer.o
 .debug_frame   0x00000468       0x70 src/src/usart_console.o
 .debug_frame   0x000004d8       0x24 src/ASF/common/utils/stdio/write.o
 .debug_frame   0x000004fc       0x9c src/ASF/common/services/spi/xmega_spi/spi_master.o
 .debug_frame   0x00000598       0xa4 src/ASF/common/services/clock/xmega/sysclk.o
 .debug_frame   0x0000063c       0x84 src/ASF/xmega/drivers/wdt/wdt.o
 .debug_frame   0x000006c0       0x24 src/ASF/common/boards/user_board/init.o
 .debug_frame   0x000006e4       0x34 src/main.o

.debug_str      0x00000000    0x2f3e0
 *(.debug_str)
 .debug_str     0x00000000     0x223b C:/Program Files (x86)/Atmel/Studio/7.0/Packs/atmel/XMEGAA_DFP/1.1.68/gcc/dev/atxmega192a3u/avrxmega6/crtatxmega192a3u.o
 .debug_str     0x0000223b    0x289be src/ASF/common/utils/stdio/read.o
                              0x29007 (size before relaxing)
 .debug_str     0x0002abf9     0x28a4 src/ASF/xmega/drivers/usart/usart.o
                              0x2bad6 (size before relaxing)
 .debug_str     0x0002d49d      0xd4a src/src/drivers/pressure/MS56XX.o
                              0x2b911 (size before relaxing)
 .debug_str     0x0002e1e7       0x69 src/src/drivers/pressure/SPI.o
                              0x2beda (size before relaxing)
 .debug_str     0x0002e250      0x5cf src/src/drivers/spectrometer/spectrometer.o
                              0x2bf2b (size before relaxing)
 .debug_str     0x0002e81f      0x177 src/src/usart_console.o
                              0x2c313 (size before relaxing)
 .debug_str     0x0002e996       0x2d src/ASF/common/utils/stdio/write.o
                              0x29009 (size before relaxing)
 .debug_str     0x0002e9c3       0xf2 src/ASF/common/services/spi/xmega_spi/spi_master.o
                              0x2afd5 (size before relaxing)
 .debug_str     0x0002eab5      0x252 src/ASF/common/services/clock/xmega/sysclk.o
                              0x2a76c (size before relaxing)
 .debug_str     0x0002ed07      0x4da src/ASF/xmega/drivers/wdt/wdt.o
                              0x29516 (size before relaxing)
 .debug_str     0x0002f1e1       0x36 src/ASF/common/boards/user_board/init.o
                              0x2b467 (size before relaxing)
 .debug_str     0x0002f217      0x1c9 src/main.o
                              0x2bbc9 (size before relaxing)

.debug_loc      0x00000000     0x2c6b
 *(.debug_loc)
 .debug_loc     0x00000000       0x6e src/ASF/common/utils/stdio/read.o
 .debug_loc     0x0000006e      0xe21 src/ASF/xmega/drivers/usart/usart.o
 .debug_loc     0x00000e8f      0xb77 src/src/drivers/pressure/MS56XX.o
 .debug_loc     0x00001a06      0x30b src/src/drivers/pressure/SPI.o
 .debug_loc     0x00001d11      0x37f src/src/drivers/spectrometer/spectrometer.o
 .debug_loc     0x00002090      0x18f src/src/usart_console.o
 .debug_loc     0x0000221f       0x52 src/ASF/common/utils/stdio/write.o
 .debug_loc     0x00002271      0x51e src/ASF/common/services/spi/xmega_spi/spi_master.o
 .debug_loc     0x0000278f      0x301 src/ASF/common/services/clock/xmega/sysclk.o
 .debug_loc     0x00002a90      0x16c src/ASF/xmega/drivers/wdt/wdt.o
 .debug_loc     0x00002bfc       0x6f src/main.o

.debug_macinfo
 *(.debug_macinfo)

.debug_weaknames
 *(.debug_weaknames)

.debug_funcnames
 *(.debug_funcnames)

.debug_typenames
 *(.debug_typenames)

.debug_varnames
 *(.debug_varnames)

.debug_pubtypes
 *(.debug_pubtypes)

.debug_ranges   0x00000000      0x260
 *(.debug_ranges)
 .debug_ranges  0x00000000       0x10 src/ASF/common/utils/stdio/read.o
 .debug_ranges  0x00000010       0x80 src/ASF/xmega/drivers/usart/usart.o
 .debug_ranges  0x00000090       0x50 src/src/drivers/pressure/MS56XX.o
 .debug_ranges  0x000000e0       0x38 src/src/drivers/pressure/SPI.o
 .debug_ranges  0x00000118       0x30 src/src/drivers/spectrometer/spectrometer.o
 .debug_ranges  0x00000148       0x28 src/src/usart_console.o
 .debug_ranges  0x00000170       0x10 src/ASF/common/utils/stdio/write.o
 .debug_ranges  0x00000180       0x38 src/ASF/common/services/spi/xmega_spi/spi_master.o
 .debug_ranges  0x000001b8       0x30 src/ASF/common/services/clock/xmega/sysclk.o
 .debug_ranges  0x000001e8       0x40 src/ASF/xmega/drivers/wdt/wdt.o
 .debug_ranges  0x00000228       0x10 src/ASF/common/boards/user_board/init.o
 .debug_ranges  0x00000238       0x28 src/main.o

.debug_macro    0x00000000     0xb55b
 *(.debug_macro)
 .debug_macro   0x00000000      0x16d src/ASF/common/utils/stdio/read.o
 .debug_macro   0x0000016d      0xa8a src/ASF/common/utils/stdio/read.o
 .debug_macro   0x00000bf7       0x10 src/ASF/common/utils/stdio/read.o
 .debug_macro   0x00000c07      0x1c9 src/ASF/common/utils/stdio/read.o
 .debug_macro   0x00000dd0      0x2fc src/ASF/common/utils/stdio/read.o
 .debug_macro   0x000010cc       0x9e src/ASF/common/utils/stdio/read.o
 .debug_macro   0x0000116a     0x62da src/ASF/common/utils/stdio/read.o
 .debug_macro   0x00007444       0x9a src/ASF/common/utils/stdio/read.o
 .debug_macro   0x000074de       0xf1 src/ASF/common/utils/stdio/read.o
 .debug_macro   0x000075cf       0x34 src/ASF/common/utils/stdio/read.o
 .debug_macro   0x00007603       0x16 src/ASF/common/utils/stdio/read.o
 .debug_macro   0x00007619       0x18 src/ASF/common/utils/stdio/read.o
 .debug_macro   0x00007631       0x5e src/ASF/common/utils/stdio/read.o
 .debug_macro   0x0000768f       0x10 src/ASF/common/utils/stdio/read.o
 .debug_macro   0x0000769f       0x22 src/ASF/common/utils/stdio/read.o
 .debug_macro   0x000076c1      0x16d src/ASF/common/utils/stdio/read.o
 .debug_macro   0x0000782e       0x1c src/ASF/common/utils/stdio/read.o
 .debug_macro   0x0000784a       0x35 src/ASF/common/utils/stdio/read.o
 .debug_macro   0x0000787f       0x66 src/ASF/common/utils/stdio/read.o
 .debug_macro   0x000078e5      0x6d7 src/ASF/common/utils/stdio/read.o
 .debug_macro   0x00007fbc       0x96 src/ASF/common/utils/stdio/read.o
 .debug_macro   0x00008052       0x17 src/ASF/common/utils/stdio/read.o
 .debug_macro   0x00008069      0x250 src/ASF/common/utils/stdio/read.o
 .debug_macro   0x000082b9       0x76 src/ASF/common/utils/stdio/read.o
 .debug_macro   0x0000832f       0x16 src/ASF/common/utils/stdio/read.o
 .debug_macro   0x00008345      0x6d9 src/ASF/common/utils/stdio/read.o
 .debug_macro   0x00008a1e       0x10 src/ASF/common/utils/stdio/read.o
 .debug_macro   0x00008a2e      0x175 src/ASF/common/utils/stdio/read.o
 .debug_macro   0x00008ba3       0x40 src/ASF/common/utils/stdio/read.o
 .debug_macro   0x00008be3       0x69 src/ASF/common/utils/stdio/read.o
 .debug_macro   0x00008c4c       0x31 src/ASF/common/utils/stdio/read.o
 .debug_macro   0x00008c7d       0xe4 src/ASF/common/utils/stdio/read.o
 .debug_macro   0x00008d61      0x22c src/ASF/xmega/drivers/usart/usart.o
 .debug_macro   0x00008f8d      0x302 src/ASF/xmega/drivers/usart/usart.o
 .debug_macro   0x0000928f       0x34 src/ASF/xmega/drivers/usart/usart.o
 .debug_macro   0x000092c3       0x22 src/ASF/xmega/drivers/usart/usart.o
 .debug_macro   0x000092e5      0x2c3 src/ASF/xmega/drivers/usart/usart.o
 .debug_macro   0x000095a8       0x64 src/ASF/xmega/drivers/usart/usart.o
 .debug_macro   0x0000960c       0x2f src/ASF/xmega/drivers/usart/usart.o
 .debug_macro   0x0000963b      0x154 src/ASF/xmega/drivers/usart/usart.o
 .debug_macro   0x0000978f       0x82 src/ASF/xmega/drivers/usart/usart.o
 .debug_macro   0x00009811      0x102 src/ASF/xmega/drivers/usart/usart.o
 .debug_macro   0x00009913      0x2fe src/src/drivers/pressure/MS56XX.o
 .debug_macro   0x00009c11       0x34 src/src/drivers/pressure/MS56XX.o
 .debug_macro   0x00009c45       0x22 src/src/drivers/pressure/MS56XX.o
 .debug_macro   0x00009c67       0x28 src/src/drivers/pressure/MS56XX.o
 .debug_macro   0x00009c8f       0x22 src/src/drivers/pressure/MS56XX.o
 .debug_macro   0x00009cb1       0x26 src/src/drivers/pressure/MS56XX.o
 .debug_macro   0x00009cd7       0x2e src/src/drivers/pressure/MS56XX.o
 .debug_macro   0x00009d05       0x58 src/src/drivers/pressure/MS56XX.o
 .debug_macro   0x00009d5d       0x10 src/src/drivers/pressure/MS56XX.o
 .debug_macro   0x00009d6d       0xf2 src/src/drivers/pressure/MS56XX.o
 .debug_macro   0x00009e5f       0x3a src/src/drivers/pressure/MS56XX.o
 .debug_macro   0x00009e99       0x10 src/src/drivers/pressure/MS56XX.o
 .debug_macro   0x00009ea9      0x2f4 src/src/drivers/pressure/SPI.o
 .debug_macro   0x0000a19d      0x339 src/src/drivers/spectrometer/spectrometer.o
 .debug_macro   0x0000a4d6       0x2e src/src/drivers/spectrometer/spectrometer.o
 .debug_macro   0x0000a504      0x2f9 src/src/usart_console.o
 .debug_macro   0x0000a7fd       0x28 src/src/usart_console.o
 .debug_macro   0x0000a825      0x16d src/ASF/common/utils/stdio/write.o
 .debug_macro   0x0000a992      0x230 src/ASF/common/services/spi/xmega_spi/spi_master.o
 .debug_macro   0x0000abc2      0x1e6 src/ASF/common/services/clock/xmega/sysclk.o
 .debug_macro   0x0000ada8      0x180 src/ASF/xmega/drivers/wdt/wdt.o
 .debug_macro   0x0000af28      0x2ea src/ASF/common/boards/user_board/init.o
 .debug_macro   0x0000b212      0x31b src/main.o
 .debug_macro   0x0000b52d       0x2e src/main.o
OUTPUT(RainbowHorizonsBaller.elf elf32-avr)
LOAD linker stubs
